Component: ARM Compiler 5.05 update 1 (build 106) Tool: armlink [4d0efa]

==============================================================================

Section Cross References

    main.o(.text) refers to delay.o(.text) for delay_init
    main.o(.text) refers to misc.o(.text) for NVIC_PriorityGroupConfig
    main.o(.text) refers to usart.o(.text) for uart_init
    main.o(.text) refers to led.o(.text) for LED_Init
    main.o(.text) refers to adc.o(.text) for Adc_Init
    main.o(.text) refers to key.o(.text) for KEY_Init
    main.o(.text) refers to timer.o(.text) for TIM2_Int_Init
    main.o(.text) refers to control.o(.text) for PID_init
    main.o(.text) refers to stm32f10x_tim.o(.text) for TIM_SetCompare2
    main.o(.text) refers to dflt_clz.o(x$fpl$dfltu) for __aeabi_ui2d
    main.o(.text) refers to dmul.o(x$fpl$dmul) for __aeabi_dmul
    main.o(.text) refers to d2f.o(x$fpl$d2f) for __aeabi_d2f
    main.o(.text) refers to fflt_clz.o(x$fpl$ffltu) for __aeabi_ui2f
    main.o(.text) refers to lcd.o(.text) for DisPlay
    main.o(.text) refers to main.o(.data) for speed_L
    system_stm32f10x.o(.text) refers to system_stm32f10x.o(.data) for SystemCoreClock
    key.o(.text) refers to stm32f10x_rcc.o(.text) for RCC_APB2PeriphClockCmd
    key.o(.text) refers to stm32f10x_gpio.o(.text) for GPIO_Init
    key.o(.text) refers to delay.o(.text) for delay_ms
    key.o(.text) refers to key.o(.data) for key_up
    key.o(.text) refers to main.o(.data) for Mode
    led.o(.text) refers to stm32f10x_rcc.o(.text) for RCC_APB2PeriphClockCmd
    led.o(.text) refers to stm32f10x_gpio.o(.text) for GPIO_Init
    timer.o(.text) refers to stm32f10x_rcc.o(.text) for RCC_APB1PeriphClockCmd
    timer.o(.text) refers to stm32f10x_tim.o(.text) for TIM_TimeBaseInit
    timer.o(.text) refers to misc.o(.text) for NVIC_Init
    timer.o(.text) refers to adc.o(.text) for Get_Angle_Average
    timer.o(.text) refers to niming.o(.text) for PID_send_data
    timer.o(.text) refers to control.o(.text) for PID_Deal
    timer.o(.text) refers to stm32f10x_gpio.o(.text) for GPIO_Init
    timer.o(.text) refers to timer.o(.data) for TIM2_Start
    timer.o(.text) refers to main.o(.data) for Angle
    adc.o(.text) refers to stm32f10x_rcc.o(.text) for RCC_APB2PeriphClockCmd
    adc.o(.text) refers to stm32f10x_gpio.o(.text) for GPIO_Init
    adc.o(.text) refers to stm32f10x_adc.o(.text) for ADC_DeInit
    adc.o(.text) refers to f2d.o(x$fpl$f2d) for __aeabi_f2d
    adc.o(.text) refers to fflt_clz.o(x$fpl$ffltu) for __aeabi_ui2f
    adc.o(.text) refers to dmul.o(x$fpl$dmul) for __aeabi_dmul
    adc.o(.text) refers to daddsub_clz.o(x$fpl$dsub) for __aeabi_dsub
    adc.o(.text) refers to ddiv.o(x$fpl$ddiv) for __aeabi_ddiv
    adc.o(.text) refers to daddsub_clz.o(x$fpl$dadd) for __aeabi_dadd
    adc.o(.text) refers to d2f.o(x$fpl$d2f) for __aeabi_d2f
    adc.o(.text) refers to main.o(.data) for Angle_Start
    control.o(.text) refers to faddsub_clz.o(x$fpl$frsb) for __aeabi_frsub
    control.o(.text) refers to faddsub_clz.o(x$fpl$fsub) for __aeabi_fsub
    control.o(.text) refers to fmul.o(x$fpl$fmul) for __aeabi_fmul
    control.o(.text) refers to fdiv.o(x$fpl$fdiv) for __aeabi_fdiv
    control.o(.text) refers to faddsub_clz.o(x$fpl$fadd) for __aeabi_fadd
    control.o(.text) refers to stm32f10x_tim.o(.text) for TIM_SetCompare2
    control.o(.text) refers to adc.o(.text) for Get_Angle_Average
    control.o(.text) refers to frleqf.o(x$fpl$frleqf) for __aeabi_cfrcmple
    control.o(.text) refers to fleqf.o(x$fpl$fleqf) for __aeabi_cfcmple
    control.o(.text) refers to f2d.o(x$fpl$f2d) for __aeabi_f2d
    control.o(.text) refers to dmul.o(x$fpl$dmul) for __aeabi_dmul
    control.o(.text) refers to daddsub_clz.o(x$fpl$dsub) for __aeabi_dsub
    control.o(.text) refers to dfix.o(x$fpl$dfix) for __aeabi_d2iz
    control.o(.text) refers to dleqf.o(x$fpl$dleqf) for __aeabi_cdcmple
    control.o(.text) refers to drleqf.o(x$fpl$drleqf) for __aeabi_cdrcmple
    control.o(.text) refers to delay.o(.text) for delay_ms
    control.o(.text) refers to main.o(.data) for speed
    control.o(.text) refers to control.o(.bss) for pid
    control.o(.text) refers to timer.o(.data) for TIM2_Start
    control.o(.text) refers to ffixu.o(x$fpl$ffixu) for __aeabi_f2uiz
    control.o(.text) refers to fflt_clz.o(x$fpl$ffltu) for __aeabi_ui2f
    lcd.o(.text) refers to _printf_percent.o(.ARM.Collect$$_printf_percent$$00000000) for _printf_percent
    lcd.o(.text) refers to _printf_x.o(.ARM.Collect$$_printf_percent$$0000000C) for _printf_x
    lcd.o(.text) refers to _printf_hex_int.o(.text) for _printf_longlong_hex
    lcd.o(.text) refers to lcd.o(.bss) for lcddev
    lcd.o(.text) refers to lcd.o(.constdata) for asc2_1206
    lcd.o(.text) refers to lcd.o(.data) for POINT_COLOR
    lcd.o(.text) refers to main.o(.data) for Mode
    lcd.o(.text) refers to adc.o(.text) for Get_Angle_Average
    lcd.o(.text) refers to ffixu.o(x$fpl$ffixu) for __aeabi_f2uiz
[...]
    ../fplib/drleqf.s                        0x00000000   Number         0  drleqf.o ABSOLUTE
    ../fplib/f2d.s                           0x00000000   Number         0  f2d.o ABSOLUTE
    ../fplib/faddsub.s                       0x00000000   Number         0  faddsub_clz.o ABSOLUTE
    ../fplib/fcmpi.s                         0x00000000   Number         0  fcmpi.o ABSOLUTE
    ../fplib/fdiv.s                          0x00000000   Number         0  fdiv.o ABSOLUTE
    ../fplib/ffixu.s                         0x00000000   Number         0  ffixu.o ABSOLUTE
    ../fplib/fflt.s                          0x00000000   Number         0  fflt_clz.o ABSOLUTE
    ../fplib/fleqf.s                         0x00000000   Number         0  fleqf.o ABSOLUTE
    ../fplib/fmul.s                          0x00000000   Number         0  fmul.o ABSOLUTE
    ../fplib/fnaninf.s                       0x00000000   Number         0  fnaninf.o ABSOLUTE
    ../fplib/fpinit.s                        0x00000000   Number         0  fpinit.o ABSOLUTE
    ../fplib/fretinf.s                       0x00000000   Number         0  fretinf.o ABSOLUTE
    ../fplib/frleqf.s                        0x00000000   Number         0  frleqf.o ABSOLUTE
    ../fplib/usenofp.s                       0x00000000   Number         0  usenofp.o ABSOLUTE
    ..\CORE\core_cm3.c                       0x00000000   Number         0  core_cm3.o ABSOLUTE
    ..\CORE\startup_stm32f10x_hd.s           0x00000000   Number         0  startup_stm32f10x_hd.o ABSOLUTE
    ..\HARDWARE\ADC\adc.c                    0x00000000   Number         0  adc.o ABSOLUTE
    ..\HARDWARE\CONTROL\control.c            0x00000000   Number         0  control.o ABSOLUTE
    ..\HARDWARE\KEY\key.c                    0x00000000   Number         0  key.o ABSOLUTE
    ..\HARDWARE\LCD\lcd.c                    0x00000000   Number         0  lcd.o ABSOLUTE
    ..\HARDWARE\LED\led.c                    0x00000000   Number         0  led.o ABSOLUTE
    ..\HARDWARE\NIMING\niming.c              0x00000000   Number         0  niming.o ABSOLUTE
    ..\HARDWARE\TIMER\timer.c                0x00000000   Number         0  timer.o ABSOLUTE
    ..\STM32F10x_FWLib\src\misc.c            0x00000000   Number         0  misc.o ABSOLUTE
    ..\STM32F10x_FWLib\src\stm32f10x_adc.c   0x00000000   Number         0  stm32f10x_adc.o ABSOLUTE
    ..\STM32F10x_FWLib\src\stm32f10x_fsmc.c  0x00000000   Number         0  stm32f10x_fsmc.o ABSOLUTE
    ..\STM32F10x_FWLib\src\stm32f10x_gpio.c  0x00000000   Number         0  stm32f10x_gpio.o ABSOLUTE
    ..\STM32F10x_FWLib\src\stm32f10x_rcc.c   0x00000000   Number         0  stm32f10x_rcc.o ABSOLUTE
    ..\STM32F10x_FWLib\src\stm32f10x_tim.c   0x00000000   Number         0  stm32f10x_tim.o ABSOLUTE
    ..\STM32F10x_FWLib\src\stm32f10x_usart.c 0x00000000   Number         0  stm32f10x_usart.o ABSOLUTE
    ..\SYSTEM\delay\delay.c                  0x00000000   Number         0  delay.o ABSOLUTE
    ..\SYSTEM\sys\sys.c                      0x00000000   Number         0  sys.o ABSOLUTE
    ..\SYSTEM\usart\usart.c                  0x00000000   Number         0  usart.o ABSOLUTE
    ..\\CORE\\core_cm3.c                     0x00000000   Number         0  core_cm3.o ABSOLUTE
    ..\\SYSTEM\\sys\\sys.c                   0x00000000   Number         0  sys.o ABSOLUTE
    dc.s                                     0x00000000   Number         0  dc.o ABSOLUTE
    main.c                                   0x00000000   Number         0  main.o ABSOLUTE
    stm32f10x_it.c                           0x00000000   Number         0  stm32f10x_it.o ABSOLUTE
    system_stm32f10x.c                       0x00000000   Number         0  system_stm32f10x.o ABSOLUTE
    RESET                                    0x08000000   Section      304  startup_stm32f10x_hd.o(RESET)
    !!!main                                  0x08000130   Section        8  __main.o(!!!main)
    !!!scatter                               0x08000138   Section       52  __scatter.o(!!!scatter)
    !!handler_copy                           0x0800016c   Section       26  __scatter_copy.o(!!handler_copy)
    !!handler_zi                             0x08000188   Section       28  __scatter_zi.o(!!handler_zi)
    .ARM.Collect$$_printf_percent$$00000000  0x080001a4   Section        0  _printf_percent.o(.ARM.Collect$$_printf_percent$$00000000)
    .ARM.Collect$$_printf_percent$$0000000C  0x080001a4   Section        6  _printf_x.o(.ARM.Collect$$_printf_percent$$0000000C)
    .ARM.Collect$$_printf_percent$$00000017  0x080001aa   Section        4  _printf_percent_end.o(.ARM.Collect$$_printf_percent$$00000017)
    .ARM.Collect$$libinit$$00000000          0x080001ae   Section        2  libinit.o(.ARM.Collect$$libinit$$00000000)
    .ARM.Collect$$libinit$$00000002          0x080001b0   Section        0  libinit2.o(.ARM.Collect$$libinit$$00000002)
    .ARM.Collect$$libinit$$00000004          0x080001b0   Section        0  libinit2.o(.ARM.Collect$$libinit$$00000004)
    .ARM.Collect$$libinit$$0000000A          0x080001b0   Section        0  libinit2.o(.ARM.Collect$$libinit$$0000000A)
    .ARM.Collect$$libinit$$0000000C          0x080001b0   Section        0  libinit2.o(.ARM.Collect$$libinit$$0000000C)
    .ARM.Collect$$libinit$$0000000E          0x080001b0   Section        0  libinit2.o(.ARM.Collect$$libinit$$0000000E)
    .ARM.Collect$$libinit$$00000011          0x080001b0   Section        0  libinit2.o(.ARM.Collect$$libinit$$00000011)
    .ARM.Collect$$libinit$$00000013          0x080001b0   Section        0  libinit2.o(.ARM.Collect$$libinit$$00000013)
    .ARM.Collect$$libinit$$00000015          0x080001b0   Section        0  libinit2.o(.ARM.Collect$$libinit$$00000015)
    .ARM.Collect$$libinit$$00000017          0x080001b0   Section        0  libinit2.o(.ARM.Collect$$libinit$$00000017)
    .ARM.Collect$$libinit$$00000019          0x080001b0   Section        0  libinit2.o(.ARM.Collect$$libinit$$00000019)
    .ARM.Collect$$libinit$$0000001B          0x080001b0   Section        0  libinit2.o(.ARM.Collect$$libinit$$0000001B)
    .ARM.Collect$$libinit$$0000001D          0x080001b0   Section        0  libinit2.o(.ARM.Collect$$libinit$$0000001D)
    .ARM.Collect$$libinit$$0000001F          0x080001b0   Section        0  libinit2.o(.ARM.Collect$$libinit$$0000001F)
    .ARM.Collect$$libinit$$00000021          0x080001b0   Section        0  libinit2.o(.ARM.Collect$$libinit$$00000021)
    .ARM.Collect$$libinit$$00000023          0x080001b0   Section        0  libinit2.o(.ARM.Collect$$libinit$$00000023)
    .ARM.Collect$$libinit$$00000025          0x080001b0   Section        0  libinit2.o(.ARM.Collect$$libinit$$00000025)
    .ARM.Collect$$libinit$$0000002C          0x080001b0   Section        0  libinit2.o(.ARM.Collect$$libinit$$0000002C)
    .ARM.Collect$$libinit$$0000002E          0x080001b0   Section        0  libinit2.o(.ARM.Collect$$libinit$$0000002E)
    .ARM.Collect$$libinit$$00000030          0x080001b0   Section        0  libinit2.o(.ARM.Collect$$libinit$$00000030)
    .ARM.Collect$$libinit$$00000032          0x080001b0   Section        0  libinit2.o(.ARM.Collect$$libinit$$00000032)
    .ARM.Collect$$libinit$$00000033          0x080001b0   Section        2  libinit2.o(.ARM.Collect$$libinit$$00000033)
    .ARM.Collect$$libshutdown$$00000000      0x080001b2   Section        2  libshutdown.o(.ARM.Collect$$libshutdown$$00000000)
    .ARM.Collect$$libshutdown$$00000003      0x080001b4   Section        0  libshutdown2.o(.ARM.Collect$$libshutdown$$00000003)
    .ARM.Collect$$libshutdown$$00000006      0x080001b4   Section        0  libshutdown2.o(.ARM.Collect$$libshutdown$$00000006)
    .ARM.Collect$$libshutdown$$00000009      0x080001b4   Section        0  libshutdown2.o(.ARM.Collect$$libshutdown$$00000009)
    .ARM.Collect$$libshutdown$$0000000B      0x080001b4   Section        0  libshutdown2.o(.ARM.Collect$$libshutdown$$0000000B)
    .ARM.Collect$$libshutdown$$0000000E      0x080001b4   Section        0  libshutdown2.o(.ARM.Collect$$libshutdown$$0000000E)
    .ARM.Collect$$libshutdown$$0000000F      0x080001b4   Section        2  libshutdown2.o(.ARM.Collect$$libshutdown$$0000000F)
    .ARM.Collect$$rtentry$$00000000          0x080001b6   Section        0  __rtentry.o(.ARM.Collect$$rtentry$$00000000)
    .ARM.Collect$$rtentry$$00000002          0x080001b6   Section        0  __rtentry2.o(.ARM.Collect$$rtentry$$00000002)
    .ARM.Collect$$rtentry$$00000004          0x080001b6   Section        6  __rtentry4.o(.ARM.Collect$$rtentry$$00000004)
    .ARM.Collect$$rtentry$$00000009          0x080001bc   Section        0  __rtentry2.o(.ARM.Collect$$rtentry$$00000009)
    .ARM.Collect$$rtentry$$0000000A          0x080001bc   Section        4  __rtentry2.o(.ARM.Collect$$rtentry$$0000000A)
    .ARM.Collect$$rtentry$$0000000C          0x080001c0   Section        0  __rtentry2.o(.ARM.Collect$$rtentry$$0000000C)
    .ARM.Collect$$rtentry$$0000000D          0x080001c0   Section        8  __rtentry2.o(.ARM.Collect$$rtentry$$0000000D)
    .ARM.Collect$$rtexit$$00000000           0x080001c8   Section        2  rtexit.o(.ARM.Collect$$rtexit$$00000000)
    .ARM.Collect$$rtexit$$00000002           0x080001ca   Section        0  rtexit2.o(.ARM.Collect$$rtexit$$00000002)
    .ARM.Collect$$rtexit$$00000003           0x080001ca   Section        4  rtexit2.o(.ARM.Collect$$rtexit$$00000003)
    .ARM.Collect$$rtexit$$00000004           0x080001ce   Section        6  rtexit2.o(.ARM.Collect$$rtexit$$00000004)
    .text                                    0x080001d4   Section        0  main.o(.text)
    .text                                    0x08000298   Section        0  stm32f10x_it.o(.text)
    .text                                    0x080002b4   Section        0  system_stm32f10x.o(.text)
    SetSysClockTo72                          0x080002b5   Thumb Code   214  system_stm32f10x.o(.text)
    SetSysClock                              0x0800038b   Thumb Code     8  system_stm32f10x.o(.text)
    .text                                    0x08000494   Section        0  key.o(.text)
    .text                                    0x08000618   Section        0  led.o(.text)
    .text                                    0x08000654   Section        0  timer.o(.text)
    .text                                    0x0800085c   Section        0  adc.o(.text)
    .text                                    0x080009b4   Section        0  control.o(.text)
    .text                                    0x080010dc   Section        0  niming.o(.text)
    .text                                    0x080013d4   Section        0  lcd.o(.text)
    .text                                    0x08005fd4   Section        0  delay.o(.text)
    .text                                    0x080060a8   Section        0  usart.o(.text)
    .text                                    0x080061e8   Section       64  startup_stm32f10x_hd.o(.text)
    .text                                    0x08006228   Section        0  misc.o(.text)
    .text                                    0x08006304   Section        0  stm32f10x_gpio.o(.text)
    .text                                    0x08006660   Section        0  stm32f10x_rcc.o(.text)
    .text                                    0x08006a04   Section        0  stm32f10x_tim.o(.text)
    TI4_Config                               0x08006eab   Thumb Code   130  stm32f10x_tim.o(.text)
    TI3_Config                               0x08006f3f   Thumb Code   122  stm32f10x_tim.o(.text)
    TI2_Config                               0x08006fd3   Thumb Code   130  stm32f10x_tim.o(.text)
    TI1_Config                               0x08007067   Thumb Code   108  stm32f10x_tim.o(.text)
    .text                                    0x08007820   Section        0  stm32f10x_usart.o(.text)
    .text                                    0x08007c28   Section        0  stm32f10x_adc.o(.text)
    .text                                    0x08008078   Section        0  stm32f10x_fsmc.o(.text)
    .text                                    0x08008684   Section        2  use_no_semi_2.o(.text)
    .text                                    0x08008688   Section        0  noretval__2printf.o(.text)
    .text                                    0x080086a0   Section        0  __printf.o(.text)
    .text                                    0x08008708   Section        0  _printf_hex_int.o(.text)
    .text                                    0x08008760   Section        0  heapauxi.o(.text)
    .text                                    0x08008766   Section        2  use_no_semi.o(.text)
    .text                                    0x08008768   Section        0  _printf_intcommon.o(.text)
    .text                                    0x0800881c   Section        0  _printf_char_file.o(.text)
    .text                                    0x08008840   Section        0  _printf_char_common.o(.text)
    _printf_input_char                       0x08008841   Thumb Code    10  _printf_char_common.o(.text)
    .text                                    0x08008870   Section        0  ferror.o(.text)
    .text                                    0x08008878   Section       74  sys_stackheap_outer.o(.text)
    .text                                    0x080088c2   Section        0  exit.o(.text)
    .text                                    0x080088d0   Section        8  libspace.o(.text)
    x$fpl$d2f                                0x080088d8   Section       98  d2f.o(x$fpl$d2f)
    x$fpl$dadd                               0x0800893c   Section      336  daddsub_clz.o(x$fpl$dadd)
    _dadd1                                   0x0800894d   Thumb Code     0  daddsub_clz.o(x$fpl$dadd)
    x$fpl$dcmpinf                            0x08008a8c   Section       24  dcmpi.o(x$fpl$dcmpinf)
    x$fpl$ddiv                               0x08008aa4   Section      688  ddiv.o(x$fpl$ddiv)
    ddiv_entry                               0x08008aab   Thumb Code     0  ddiv.o(x$fpl$ddiv)
    x$fpl$dfix                               0x08008d54   Section       94  dfix.o(x$fpl$dfix)
    x$fpl$dfixu                              0x08008db4   Section       90  dfixu.o(x$fpl$dfixu)
    x$fpl$dfltu                              0x08008e0e   Section       38  dflt_clz.o(x$fpl$dfltu)
    x$fpl$dleqf                              0x08008e34   Section      120  dleqf.o(x$fpl$dleqf)
    x$fpl$dmul                               0x08008eac   Section      340  dmul.o(x$fpl$dmul)
    x$fpl$dnaninf                            0x08009000   Section      156  dnaninf.o(x$fpl$dnaninf)
    x$fpl$dretinf                            0x0800909c   Section       12  dretinf.o(x$fpl$dretinf)
    x$fpl$drleqf                             0x080090a8   Section      108  drleqf.o(x$fpl$drleqf)
    x$fpl$dsub                               0x08009114   Section      468  daddsub_clz.o(x$fpl$dsub)
    _dsub1                                   0x08009125   Thumb Code     0  daddsub_clz.o(x$fpl$dsub)
    x$fpl$f2d                                0x080092e8   Section       86  f2d.o(x$fpl$f2d)
    x$fpl$fadd                               0x08009340   Section      196  faddsub_clz.o(x$fpl$fadd)
    _fadd1                                   0x0800934f   Thumb Code     0  faddsub_clz.o(x$fpl$fadd)
    x$fpl$fcmpinf                            0x08009404   Section       24  fcmpi.o(x$fpl$fcmpinf)
    x$fpl$fdiv                               0x0800941c   Section      388  fdiv.o(x$fpl$fdiv)
    _fdiv1                                   0x0800941d   Thumb Code     0  fdiv.o(x$fpl$fdiv)
    x$fpl$ffixu                              0x080095a0   Section       62  ffixu.o(x$fpl$ffixu)
    x$fpl$ffltu                              0x080095e0   Section       38  fflt_clz.o(x$fpl$ffltu)
    x$fpl$fleqf                              0x08009608   Section      104  fleqf.o(x$fpl$fleqf)
    x$fpl$fmul                               0x08009670   Section      258  fmul.o(x$fpl$fmul)
    x$fpl$fnaninf                            0x08009772   Section      140  fnaninf.o(x$fpl$fnaninf)
    x$fpl$fretinf                            0x080097fe   Section       10  fretinf.o(x$fpl$fretinf)
    x$fpl$frleqf                             0x08009808   Section       98  frleqf.o(x$fpl$frleqf)
    x$fpl$frsb                               0x0800986a   Section       20  faddsub_clz.o(x$fpl$frsb)
    x$fpl$fsub                               0x08009880   Section      234  faddsub_clz.o(x$fpl$fsub)
    _fsub1                                   0x0800988f   Thumb Code     0  faddsub_clz.o(x$fpl$fsub)
    .constdata                               0x0800996a   Section     6080  lcd.o(.constdata)
    x$fpl$usenofp                            0x0800996a   Section        0  usenofp.o(x$fpl$usenofp)
    .constdata                               0x0800b12a   Section       40  _printf_hex_int.o(.constdata)
    uc_hextab                                0x0800b12a   Data          20  _printf_hex_int.o(.constdata)
    lc_hextab                                0x0800b13e   Data          20  _printf_hex_int.o(.constdata)
    .data                                    0x20000000   Section       18  main.o(.data)
    .data                                    0x20000014   Section       20  system_stm32f10x.o(.data)
    .data                                    0x20000028   Section        1  key.o(.data)
    key_up                                   0x20000028   Data           1  key.o(.data)
    .data                                    0x20000029   Section        2  timer.o(.data)
    .data                                    0x2000002c   Section        4  lcd.o(.data)
    .data                                    0x20000030   Section        4  delay.o(.data)
    fac_us                                   0x20000030   Data           1  delay.o(.data)
    fac_ms                                   0x20000032   Data           2  delay.o(.data)
    .data                                    0x20000034   Section        6  usart.o(.data)
    .data                                    0x2000003a   Section       20  stm32f10x_rcc.o(.data)
    APBAHBPrescTable                         0x2000003a   Data          16  stm32f10x_rcc.o(.data)
    ADCPrescTable                            0x2000004a   Data           4  stm32f10x_rcc.o(.data)
    .bss                                     0x20000050   Section       80  control.o(.bss)
    .bss                                     0x200000a0   Section       14  lcd.o(.bss)
    .bss                                     0x200000ae   Section      200  usart.o(.bss)
    .bss                                     0x20000178   Section       96  libspace.o(.bss)
    HEAP                                     0x200001d8   Section      512  startup_stm32f10x_hd.o(HEAP)
    Heap_Mem                                 0x200001d8   Data         512  startup_stm32f10x_hd.o(HEAP)
    STACK                                    0x200003d8   Section     1024  startup_stm32f10x_hd.o(STACK)
    Stack_Mem                                0x200003d8   Data        1024  startup_stm32f10x_hd.o(STACK)
    __initial_sp                             0x200007d8   Data           0  startup_stm32f10x_hd.o(STACK)

    Global Symbols

    Symbol Name                              Value     Ov Type        Size  Object(Section)

    BuildAttributes$$THM_ISAv4$P$D$K$B$S$PE$A:L22UL41UL21$X:L11$S22US41US21$IEEE1$IW$USESV6$~STKCKD$USESV7$~SHL$OSPACE$ROPI$EBA8$UX$STANDARDLIB$REQ8$PRES8$EABIv2 0x00000000   Number         0  anon$$obj.o ABSOLUTE
    __ARM_use_no_argv                        0x00000000   Number         0  main.o ABSOLUTE
    __ARM_exceptions_init                     - Undefined Weak Reference
    __alloca_initialize                       - Undefined Weak Reference
    __arm_preinit_                            - Undefined Weak Reference
    __cpp_initialize__aeabi_                  - Undefined Weak Reference
    __cxa_finalize                            - Undefined Weak Reference
    __rt_locale                               - Undefined Weak Reference
    __sigvec_lookup                           - Undefined Weak Reference
    _atexit_init                              - Undefined Weak Reference
    _call_atexit_fns                          - Undefined Weak Reference
    _clock_init                               - Undefined Weak Reference
    _fp_trap_init                             - Undefined Weak Reference
    _fp_trap_shutdown                         - Undefined Weak Reference
    _get_lc_collate                           - Undefined Weak Reference
    _get_lc_ctype                             - Undefined Weak Reference
    _get_lc_monetary                          - Undefined Weak Reference
    _get_lc_numeric                           - Undefined Weak Reference
    _get_lc_time                              - Undefined Weak Reference
    _getenv_init                              - Undefined Weak Reference
    _handle_redirection                       - Undefined Weak Reference
    _init_alloc                               - Undefined Weak Reference
    _init_user_alloc                          - Undefined Weak Reference
    _initio                                   - Undefined Weak Reference
    _mutex_acquire                            - Undefined Weak Reference
    _mutex_release                            - Undefined Weak Reference
    _printf_post_padding                      - Undefined Weak Reference
    _printf_pre_padding                       - Undefined Weak Reference
    _printf_truncate_unsigned                 - Undefined Weak Reference
    _rand_init                                - Undefined Weak Reference
    _signal_finish                            - Undefined Weak Reference
    _signal_init                              - Undefined Weak Reference
    _terminate_alloc                          - Undefined Weak Reference
    _terminate_user_alloc                     - Undefined Weak Reference
    _terminateio                              - Undefined Weak Reference
    __Vectors_Size                           0x00000130   Number         0  startup_stm32f10x_hd.o ABSOLUTE
    __Vectors                                0x08000000   Data           4  startup_stm32f10x_hd.o(RESET)
    __Vectors_End                            0x08000130   Data           0  startup_stm32f10x_hd.o(RESET)
    __main                                   0x08000131   Thumb Code     8  __main.o(!!!main)
    __scatterload                            0x08000139   Thumb Code     0  __scatter.o(!!!scatter)
    __scatterload_rt2                        0x08000139   Thumb Code    44  __scatter.o(!!!scatter)
    __scatterload_rt2_thumb_only             0x08000139   Thumb Code     0  __scatter.o(!!!scatter)
    __scatterload_null                       0x08000147   Thumb Code     0  __scatter.o(!!!scatter)
    __scatterload_copy                       0x0800016d   Thumb Code    26  __scatter_copy.o(!!handler_copy)
    __scatterload_zeroinit                   0x08000189   Thumb Code    28  __scatter_zi.o(!!handler_zi)
    _printf_percent                          0x080001a5   Thumb Code     0  _printf_percent.o(.ARM.Collect$$_printf_percent$$00000000)
    _printf_x                                0x080001a5   Thumb Code     0  _printf_x.o(.ARM.Collect$$_printf_percent$$0000000C)
    _printf_percent_end                      0x080001ab   Thumb Code     0  _printf_percent_end.o(.ARM.Collect$$_printf_percent$$00000017)
    __rt_lib_init                            0x080001af   Thumb Code     0  libinit.o(.ARM.Collect$$libinit$$00000000)
    __rt_lib_init_alloca_1                   0x080001b1   Thumb Code     0  libinit2.o(.ARM.Collect$$libinit$$0000002E)
    __rt_lib_init_argv_1                     0x080001b1   Thumb Code     0  libinit2.o(.ARM.Collect$$libinit$$0000002C)
    __rt_lib_init_atexit_1                   0x080001b1   Thumb Code     0  libinit2.o(.ARM.Collect$$libinit$$0000001B)
    __rt_lib_init_clock_1                    0x080001b1   Thumb Code     0  libinit2.o(.ARM.Collect$$libinit$$00000021)
    __rt_lib_init_cpp_1                      0x080001b1   Thumb Code     0  libinit2.o(.ARM.Collect$$libinit$$00000032)
    __rt_lib_init_exceptions_1               0x080001b1   Thumb Code     0  libinit2.o(.ARM.Collect$$libinit$$00000030)
    __rt_lib_init_fp_1                       0x080001b1   Thumb Code     0  libinit2.o(.ARM.Collect$$libinit$$00000002)
    __rt_lib_init_fp_trap_1                  0x080001b1   Thumb Code     0  libinit2.o(.ARM.Collect$$libinit$$0000001F)
    __rt_lib_init_getenv_1                   0x080001b1   Thumb Code     0  libinit2.o(.ARM.Collect$$libinit$$00000023)
    __rt_lib_init_heap_1                     0x080001b1   Thumb Code     0  libinit2.o(.ARM.Collect$$libinit$$0000000A)
    __rt_lib_init_lc_collate_1               0x080001b1   Thumb Code     0  libinit2.o(.ARM.Collect$$libinit$$00000011)
    __rt_lib_init_lc_ctype_1                 0x080001b1   Thumb Code     0  libinit2.o(.ARM.Collect$$libinit$$00000013)
    __rt_lib_init_lc_monetary_1              0x080001b1   Thumb Code     0  libinit2.o(.ARM.Collect$$libinit$$00000015)
    __rt_lib_init_lc_numeric_1               0x080001b1   Thumb Code     0  libinit2.o(.ARM.Collect$$libinit$$00000017)
    __rt_lib_init_lc_time_1                  0x080001b1   Thumb Code     0  libinit2.o(.ARM.Collect$$libinit$$00000019)
    __rt_lib_init_preinit_1                  0x080001b1   Thumb Code     0  libinit2.o(.ARM.Collect$$libinit$$00000004)
    __rt_lib_init_rand_1                     0x080001b1   Thumb Code     0  libinit2.o(.ARM.Collect$$libinit$$0000000E)
    __rt_lib_init_return                     0x080001b1   Thumb Code     0  libinit2.o(.ARM.Collect$$libinit$$00000033)
    __rt_lib_init_signal_1                   0x080001b1   Thumb Code     0  libinit2.o(.ARM.Collect$$libinit$$0000001D)
    __rt_lib_init_stdio_1                    0x080001b1   Thumb Code     0  libinit2.o(.ARM.Collect$$libinit$$00000025)
    __rt_lib_init_user_alloc_1               0x080001b1   Thumb Code     0  libinit2.o(.ARM.Collect$$libinit$$0000000C)
    __rt_lib_shutdown                        0x080001b3   Thumb Code     0  libshutdown.o(.ARM.Collect$$libshutdown$$00000000)
    __rt_lib_shutdown_fp_trap_1              0x080001b5   Thumb Code     0  libshutdown2.o(.ARM.Collect$$libshutdown$$00000006)
    __rt_lib_shutdown_heap_1                 0x080001b5   Thumb Code     0  libshutdown2.o(.ARM.Collect$$libshutdown$$0000000E)
    __rt_lib_shutdown_return                 0x080001b5   Thumb Code     0  libshutdown2.o(.ARM.Collect$$libshutdown$$0000000F)
    __rt_lib_shutdown_signal_1               0x080001b5   Thumb Code     0  libshutdown2.o(.ARM.Collect$$libshutdown$$00000009)
    __rt_lib_shutdown_stdio_1                0x080001b5   Thumb Code     0  libshutdown2.o(.ARM.Collect$$libshutdown$$00000003)
    __rt_lib_shutdown_user_alloc_1           0x080001b5   Thumb Code     0  libshutdown2.o(.ARM.Collect$$libshutdown$$0000000B)
    __rt_entry                               0x080001b7   Thumb Code     0  __rtentry.o(.ARM.Collect$$rtentry$$00000000)
    __rt_entry_presh_1                       0x080001b7   Thumb Code     0  __rtentry2.o(.ARM.Collect$$rtentry$$00000002)
    __rt_entry_sh                            0x080001b7   Thumb Code     0  __rtentry4.o(.ARM.Collect$$rtentry$$00000004)
    __rt_entry_li                            0x080001bd   Thumb Code     0  __rtentry2.o(.ARM.Collect$$rtentry$$0000000A)
    __rt_entry_postsh_1                      0x080001bd   Thumb Code     0  __rtentry2.o(.ARM.Collect$$rtentry$$00000009)
    __rt_entry_main                          0x080001c1   Thumb Code     0  __rtentry2.o(.ARM.Collect$$rtentry$$0000000D)
    __rt_entry_postli_1                      0x080001c1   Thumb Code     0  __rtentry2.o(.ARM.Collect$$rtentry$$0000000C)
    __rt_exit                                0x080001c9   Thumb Code     0  rtexit.o(.ARM.Collect$$rtexit$$00000000)
    __rt_exit_ls                             0x080001cb   Thumb Code     0  rtexit2.o(.ARM.Collect$$rtexit$$00000003)
    __rt_exit_prels_1                        0x080001cb   Thumb Code     0  rtexit2.o(.ARM.Collect$$rtexit$$00000002)
    __rt_exit_exit                           0x080001cf   Thumb Code     0  rtexit2.o(.ARM.Collect$$rtexit$$00000004)
    main                                     0x080001d5   Thumb Code   166  main.o(.text)
    NMI_Handler                              0x08000299   Thumb Code     2  stm32f10x_it.o(.text)
    HardFault_Handler                        0x0800029b   Thumb Code     4  stm32f10x_it.o(.text)
    MemManage_Handler                        0x0800029f   Thumb Code     4  stm32f10x_it.o(.text)
    BusFault_Handler                         0x080002a3   Thumb Code     4  stm32f10x_it.o(.text)
    UsageFault_Handler                       0x080002a7   Thumb Code     4  stm32f10x_it.o(.text)
    SVC_Handler                              0x080002ab   Thumb Code     2  stm32f10x_it.o(.text)
    DebugMon_Handler                         0x080002ad   Thumb Code     2  stm32f10x_it.o(.text)
    PendSV_Handler                           0x080002af   Thumb Code     2  stm32f10x_it.o(.text)
    SysTick_Handler                          0x080002b1   Thumb Code     2  stm32f10x_it.o(.text)
    SystemInit                               0x08000393   Thumb Code    78  system_stm32f10x.o(.text)
    SystemCoreClockUpdate                    0x080003e1   Thumb Code   142  system_stm32f10x.o(.text)
    KEY_Init                                 0x08000495   Thumb Code    48  key.o(.text)
    KEY_Scan                                 0x080004c5   Thumb Code   172  key.o(.text)
    KEY_Deal                                 0x08000571   Thumb Code   130  key.o(.text)
    LED_Init                                 0x08000619   Thumb Code    52  led.o(.text)
    TIM2_Int_Init                            0x08000655   Thumb Code    92  timer.o(.text)
    TIM2_IRQHandler                          0x080006b1   Thumb Code   260  timer.o(.text)
    TIM3_PWM_Init                            0x080007b5   Thumb Code   138  timer.o(.text)
    Adc_Init                                 0x0800085d   Thumb Code   132  adc.o(.text)
    Get_Adc                                  0x080008e1   Thumb Code    46  adc.o(.text)
    Get_Angle_Average                        0x0800090f   Thumb Code   136  adc.o(.text)
    GetY                                     0x080009b5   Thumb Code    76  control.o(.text)
    ReturnY                                  0x08000a01   Thumb Code    76  control.o(.text)
    PID_init                                 0x08000a4d   Thumb Code   118  control.o(.text)
    PID_Deal                                 0x08000ac3   Thumb Code   320  control.o(.text)
    PID_Deal_1                               0x08000c03   Thumb Code   348  control.o(.text)
    Mode1                                    0x08000d5f   Thumb Code   346  control.o(.text)
    Mode1_Deal                               0x08000eb9   Thumb Code   128  control.o(.text)
    Mode0_Deal                               0x08000f39   Thumb Code   278  control.o(.text)
    Control                                  0x0800104f   Thumb Code    74  control.o(.text)
    usart1_send_char                         0x080010dd   Thumb Code    22  niming.o(.text)
    usart1_niming_report                     0x080010f3   Thumb Code   120  niming.o(.text)
    PID_send_data                            0x0800116b   Thumb Code    44  niming.o(.text)
    mpu6050_send_data                        0x08001197   Thumb Code   110  niming.o(.text)
    usart1_niming_pid_report                 0x08001205   Thumb Code   126  niming.o(.text)
    pid_send_data                            0x08001283   Thumb Code   140  niming.o(.text)
    usart1_report_imu                        0x0800130f   Thumb Code   192  niming.o(.text)
    LCD_WriteReg                             0x080013d5   Thumb Code    10  lcd.o(.text)
    LCD_WR_DATA                              0x080013df   Thumb Code     8  lcd.o(.text)
    LCD_WR_REG                               0x080013e7   Thumb Code     6  lcd.o(.text)
    LCD_Fast_DrawPoint                       0x080013ed   Thumb Code   370  lcd.o(.text)
    LCD_ShowChar                             0x0800155f   Thumb Code   272  lcd.o(.text)
    LCD_Pow                                  0x0800166f   Thumb Code    22  lcd.o(.text)
    LCD_ShowNum                              0x08001685   Thumb Code   148  lcd.o(.text)
    LCD_ShowString                           0x08001719   Thumb Code   102  lcd.o(.text)
    DisPlay                                  0x0800177f   Thumb Code   390  lcd.o(.text)
    LCD_RD_DATA                              0x08001905   Thumb Code    14  lcd.o(.text)
    LCD_ReadReg                              0x08001913   Thumb Code    22  lcd.o(.text)
    LCD_WriteRAM_Prepare                     0x08001929   Thumb Code    12  lcd.o(.text)
    LCD_WriteRAM                             0x08001935   Thumb Code     6  lcd.o(.text)
    LCD_BGR2RGB                              0x0800193b   Thumb Code    26  lcd.o(.text)
    opt_delay                                0x08001955   Thumb Code    14  lcd.o(.text)
    LCD_SetCursor                            0x08001963   Thumb Code   418  lcd.o(.text)
    LCD_ReadPoint                            0x08001b05   Thumb Code   434  lcd.o(.text)
    LCD_DisplayOn                            0x08001cb7   Thumb Code    92  lcd.o(.text)
    LCD_DisplayOff                           0x08001d13   Thumb Code    90  lcd.o(.text)
    LCD_Scan_Dir                             0x08001d6d   Thumb Code   750  lcd.o(.text)
    LCD_DrawPoint                            0x0800205b   Thumb Code    28  lcd.o(.text)
    LCD_SSD_BackLightSet                     0x08002077   Thumb Code    80  lcd.o(.text)
    LCD_Display_Dir                          0x080020c7   Thumb Code   444  lcd.o(.text)
    LCD_Set_Window                           0x08002283   Thumb Code   544  lcd.o(.text)
    LCD_Clear                                0x080024a3   Thumb Code   100  lcd.o(.text)
    LCD_Init                                 0x08002507   Thumb Code 14188  lcd.o(.text)
    LCD_Fill                                 0x08005c73   Thumb Code   178  lcd.o(.text)
    LCD_Color_Fill                           0x08005d25   Thumb Code   104  lcd.o(.text)
    LCD_DrawLine                             0x08005d8d   Thumb Code   176  lcd.o(.text)
    LCD_DrawRectangle                        0x08005e3d   Thumb Code    60  lcd.o(.text)
    LCD_Draw_Circle                          0x08005e79   Thumb Code   152  lcd.o(.text)
    LCD_ShowxNum                             0x08005f11   Thumb Code   190  lcd.o(.text)
    delay_init                               0x08005fd5   Thumb Code    50  delay.o(.text)
    delay_us                                 0x08006007   Thumb Code    72  delay.o(.text)
    delay_ms                                 0x0800604f   Thumb Code    72  delay.o(.text)
    _sys_exit                                0x080060a9   Thumb Code     6  usart.o(.text)
    fputc                                    0x080060af   Thumb Code    24  usart.o(.text)
    uart_init                                0x080060c7   Thumb Code   152  usart.o(.text)
    USART1_IRQHandler                        0x0800615f   Thumb Code   122  usart.o(.text)
    Reset_Handler                            0x080061e9   Thumb Code     8  startup_stm32f10x_hd.o(.text)
    ADC1_2_IRQHandler                        0x08006203   Thumb Code     0  startup_stm32f10x_hd.o(.text)
    ADC3_IRQHandler                          0x08006203   Thumb Code     0  startup_stm32f10x_hd.o(.text)
    CAN1_RX1_IRQHandler                      0x08006203   Thumb Code     0  startup_stm32f10x_hd.o(.text)
    CAN1_SCE_IRQHandler                      0x08006203   Thumb Code     0  startup_stm32f10x_hd.o(.text)
    DMA1_Channel1_IRQHandler                 0x08006203   Thumb Code     0  startup_stm32f10x_hd.o(.text)
    DMA1_Channel2_IRQHandler                 0x08006203   Thumb Code     0  startup_stm32f10x_hd.o(.text)
    DMA1_Channel3_IRQHandler                 0x08006203   Thumb Code     0  startup_stm32f10x_hd.o(.text)
    DMA1_Channel4_IRQHandler                 0x08006203   Thumb Code     0  startup_stm32f10x_hd.o(.text)
    DMA1_Channel5_IRQHandler                 0x08006203   Thumb Code     0  startup_stm32f10x_hd.o(.text)
    DMA1_Channel6_IRQHandler                 0x08006203   Thumb Code     0  startup_stm32f10x_hd.o(.text)
    DMA1_Channel7_IRQHandler                 0x08006203   Thumb Code     0  startup_stm32f10x_hd.o(.text)
    DMA2_Channel1_IRQHandler                 0x08006203   Thumb Code     0  startup_stm32f10x_hd.o(.text)
    DMA2_Channel2_IRQHandler                 0x08006203   Thumb Code     0  startup_stm32f10x_hd.o(.text)
    DMA2_Channel3_IRQHandler                 0x08006203   Thumb Code     0  startup_stm32f10x_hd.o(.text)
    DMA2_Channel4_5_IRQHandler               0x08006203   Thumb Code     0  startup_stm32f10x_hd.o(.text)
    EXTI0_IRQHandler                         0x08006203   Thumb Code     0  startup_stm32f10x_hd.o(.text)
    EXTI15_10_IRQHandler                     0x08006203   Thumb Code     0  startup_stm32f10x_hd.o(.text)
    EXTI1_IRQHandler                         0x08006203   Thumb Code     0  startup_stm32f10x_hd.o(.text)
    EXTI2_IRQHandler                         0x08006203   Thumb Code     0  startup_stm32f10x_hd.o(.text)
    EXTI3_IRQHandler                         0x08006203   Thumb Code     0  startup_stm32f10x_hd.o(.text)
    EXTI4_IRQHandler                         0x08006203   Thumb Code     0  startup_stm32f10x_hd.o(.text)
    EXTI9_5_IRQHandler                       0x08006203   Thumb Code     0  startup_stm32f10x_hd.o(.text)
    FLASH_IRQHandler                         0x08006203   Thumb Code     0  startup_stm32f10x_hd.o(.text)
    FSMC_IRQHandler                          0x08006203   Thumb Code     0  startup_stm32f10x_hd.o(.text)
    I2C1_ER_IRQHandler                       0x08006203   Thumb Code     0  startup_stm32f10x_hd.o(.text)
    I2C1_EV_IRQHandler                       0x08006203   Thumb Code     0  startup_stm32f10x_hd.o(.text)
    I2C2_ER_IRQHandler                       0x08006203   Thumb Code     0  startup_stm32f10x_hd.o(.text)
    I2C2_EV_IRQHandler                       0x08006203   Thumb Code     0  startup_stm32f10x_hd.o(.text)
    PVD_IRQHandler                           0x08006203   Thumb Code     0  startup_stm32f10x_hd.o(.text)
    RCC_IRQHandler                           0x08006203   Thumb Code     0  startup_stm32f10x_hd.o(.text)
    RTCAlarm_IRQHandler                      0x08006203   Thumb Code     0  startup_stm32f10x_hd.o(.text)
    RTC_IRQHandler                           0x08006203   Thumb Code     0  startup_stm32f10x_hd.o(.text)
    SDIO_IRQHandler                          0x08006203   Thumb Code     0  startup_stm32f10x_hd.o(.text)
    SPI1_IRQHandler                          0x08006203   Thumb Code     0  startup_stm32f10x_hd.o(.text)
    SPI2_IRQHandler                          0x08006203   Thumb Code     0  startup_stm32f10x_hd.o(.text)
    SPI3_IRQHandler                          0x08006203   Thumb Code     0  startup_stm32f10x_hd.o(.text)
    TAMPER_IRQHandler                        0x08006203   Thumb Code     0  startup_stm32f10x_hd.o(.text)
    TIM1_BRK_IRQHandler                      0x08006203   Thumb Code     0  startup_stm32f10x_hd.o(.text)
    TIM1_CC_IRQHandler                       0x08006203   Thumb Code     0  startup_stm32f10x_hd.o(.text)
    TIM1_TRG_COM_IRQHandler                  0x08006203   Thumb Code     0  startup_stm32f10x_hd.o(.text)
    TIM1_UP_IRQHandler                       0x08006203   Thumb Code     0  startup_stm32f10x_hd.o(.text)
    TIM3_IRQHandler                          0x08006203   Thumb Code     0  startup_stm32f10x_hd.o(.text)
    TIM4_IRQHandler                          0x08006203   Thumb Code     0  startup_stm32f10x_hd.o(.text)
    TIM5_IRQHandler                          0x08006203   Thumb Code     0  startup_stm32f10x_hd.o(.text)
    TIM6_IRQHandler                          0x08006203   Thumb Code     0  startup_stm32f10x_hd.o(.text)
    TIM7_IRQHandler                          0x08006203   Thumb Code     0  startup_stm32f10x_hd.o(.text)
    TIM8_BRK_IRQHandler                      0x08006203   Thumb Code     0  startup_stm32f10x_hd.o(.text)
    TIM8_CC_IRQHandler                       0x08006203   Thumb Code     0  startup_stm32f10x_hd.o(.text)
    TIM8_TRG_COM_IRQHandler                  0x08006203   Thumb Code     0  startup_stm32f10x_hd.o(.text)
    TIM8_UP_IRQHandler                       0x08006203   Thumb Code     0  startup_stm32f10x_hd.o(.text)
    UART4_IRQHandler                         0x08006203   Thumb Code     0  startup_stm32f10x_hd.o(.text)
    UART5_IRQHandler                         0x08006203   Thumb Code     0  startup_stm32f10x_hd.o(.text)
    USART2_IRQHandler                        0x08006203   Thumb Code     0  startup_stm32f10x_hd.o(.text)
    USART3_IRQHandler                        0x08006203   Thumb Code     0  startup_stm32f10x_hd.o(.text)
    USBWakeUp_IRQHandler                     0x08006203   Thumb Code     0  startup_stm32f10x_hd.o(.text)
    USB_HP_CAN1_TX_IRQHandler                0x08006203   Thumb Code     0  startup_stm32f10x_hd.o(.text)
    USB_LP_CAN1_RX0_IRQHandler               0x08006203   Thumb Code     0  startup_stm32f10x_hd.o(.text)
    WWDG_IRQHandler                          0x08006203   Thumb Code     0  startup_stm32f10x_hd.o(.text)
    __user_initial_stackheap                 0x08006205   Thumb Code     0  startup_stm32f10x_hd.o(.text)
    NVIC_PriorityGroupConfig                 0x08006229   Thumb Code    10  misc.o(.text)
    NVIC_Init                                0x08006233   Thumb Code   100  misc.o(.text)
    NVIC_SetVectorTable                      0x08006297   Thumb Code    14  misc.o(.text)
    NVIC_SystemLPConfig                      0x080062a5   Thumb Code    34  misc.o(.text)
    SysTick_CLKSourceConfig                  0x080062c7   Thumb Code    40  misc.o(.text)
    GPIO_DeInit                              0x08006305   Thumb Code   172  stm32f10x_gpio.o(.text)
    GPIO_AFIODeInit                          0x080063b1   Thumb Code    20  stm32f10x_gpio.o(.text)
    GPIO_Init                                0x080063c5   Thumb Code   278  stm32f10x_gpio.o(.text)
    GPIO_StructInit                          0x080064db   Thumb Code    16  stm32f10x_gpio.o(.text)
    GPIO_ReadInputDataBit                    0x080064eb   Thumb Code    18  stm32f10x_gpio.o(.text)
    GPIO_ReadInputData                       0x080064fd   Thumb Code     8  stm32f10x_gpio.o(.text)
    GPIO_ReadOutputDataBit                   0x08006505   Thumb Code    18  stm32f10x_gpio.o(.text)
    GPIO_ReadOutputData                      0x08006517   Thumb Code     8  stm32f10x_gpio.o(.text)
    GPIO_SetBits                             0x0800651f   Thumb Code     4  stm32f10x_gpio.o(.text)
    GPIO_ResetBits                           0x08006523   Thumb Code     4  stm32f10x_gpio.o(.text)
    GPIO_WriteBit                            0x08006527   Thumb Code    10  stm32f10x_gpio.o(.text)
    GPIO_Write                               0x08006531   Thumb Code     4  stm32f10x_gpio.o(.text)
    GPIO_PinLockConfig                       0x08006535   Thumb Code    18  stm32f10x_gpio.o(.text)
    GPIO_EventOutputConfig                   0x08006547   Thumb Code    26  stm32f10x_gpio.o(.text)
    GPIO_EventOutputCmd                      0x08006561   Thumb Code     6  stm32f10x_gpio.o(.text)
    GPIO_PinRemapConfig                      0x08006567   Thumb Code   138  stm32f10x_gpio.o(.text)
    GPIO_EXTILineConfig                      0x080065f1   Thumb Code    66  stm32f10x_gpio.o(.text)
    GPIO_ETH_MediaInterfaceConfig            0x08006633   Thumb Code     8  stm32f10x_gpio.o(.text)
    RCC_DeInit                               0x08006661   Thumb Code    64  stm32f10x_rcc.o(.text)
    RCC_HSEConfig                            0x080066a1   Thumb Code    70  stm32f10x_rcc.o(.text)
    RCC_GetFlagStatus                        0x080066e7   Thumb Code    56  stm32f10x_rcc.o(.text)
    RCC_WaitForHSEStartUp                    0x0800671f   Thumb Code    56  stm32f10x_rcc.o(.text)
    RCC_AdjustHSICalibrationValue            0x08006757   Thumb Code    20  stm32f10x_rcc.o(.text)
    RCC_HSICmd                               0x0800676b   Thumb Code     6  stm32f10x_rcc.o(.text)
    RCC_PLLConfig                            0x08006771   Thumb Code    24  stm32f10x_rcc.o(.text)
    RCC_PLLCmd                               0x08006789   Thumb Code     6  stm32f10x_rcc.o(.text)
    RCC_SYSCLKConfig                         0x0800678f   Thumb Code    18  stm32f10x_rcc.o(.text)
    RCC_GetSYSCLKSource                      0x080067a1   Thumb Code    10  stm32f10x_rcc.o(.text)
    RCC_HCLKConfig                           0x080067ab   Thumb Code    18  stm32f10x_rcc.o(.text)
    RCC_PCLK1Config                          0x080067bd   Thumb Code    18  stm32f10x_rcc.o(.text)
    RCC_PCLK2Config                          0x080067cf   Thumb Code    20  stm32f10x_rcc.o(.text)
    RCC_ITConfig                             0x080067e3   Thumb Code    26  stm32f10x_rcc.o(.text)
    RCC_USBCLKConfig                         0x080067fd   Thumb Code     8  stm32f10x_rcc.o(.text)
    RCC_ADCCLKConfig                         0x08006805   Thumb Code    18  stm32f10x_rcc.o(.text)
    RCC_LSEConfig                            0x08006817   Thumb Code    50  stm32f10x_rcc.o(.text)
    RCC_LSICmd                               0x08006849   Thumb Code     6  stm32f10x_rcc.o(.text)
    RCC_RTCCLKConfig                         0x0800684f   Thumb Code    12  stm32f10x_rcc.o(.text)
    RCC_RTCCLKCmd                            0x0800685b   Thumb Code     8  stm32f10x_rcc.o(.text)
    RCC_GetClocksFreq                        0x08006863   Thumb Code   192  stm32f10x_rcc.o(.text)
    RCC_AHBPeriphClockCmd                    0x08006923   Thumb Code    26  stm32f10x_rcc.o(.text)
    RCC_APB2PeriphClockCmd                   0x0800693d   Thumb Code    26  stm32f10x_rcc.o(.text)
    RCC_APB1PeriphClockCmd                   0x08006957   Thumb Code    26  stm32f10x_rcc.o(.text)
    RCC_APB2PeriphResetCmd                   0x08006971   Thumb Code    26  stm32f10x_rcc.o(.text)
    RCC_APB1PeriphResetCmd                   0x0800698b   Thumb Code    26  stm32f10x_rcc.o(.text)
    RCC_BackupResetCmd                       0x080069a5   Thumb Code     8  stm32f10x_rcc.o(.text)
    RCC_ClockSecuritySystemCmd               0x080069ad   Thumb Code     6  stm32f10x_rcc.o(.text)
    RCC_MCOConfig                            0x080069b3   Thumb Code     6  stm32f10x_rcc.o(.text)
    RCC_ClearFlag                            0x080069b9   Thumb Code    14  stm32f10x_rcc.o(.text)
    RCC_GetITStatus                          0x080069c7   Thumb Code    20  stm32f10x_rcc.o(.text)
    RCC_ClearITPendingBit                    0x080069db   Thumb Code     6  stm32f10x_rcc.o(.text)
    TIM_DeInit                               0x08006a05   Thumb Code   424  stm32f10x_tim.o(.text)
    TIM_TimeBaseInit                         0x08006bad   Thumb Code   122  stm32f10x_tim.o(.text)
    TIM_OC1Init                              0x08006c27   Thumb Code   132  stm32f10x_tim.o(.text)
    TIM_OC2Init                              0x08006cab   Thumb Code   154  stm32f10x_tim.o(.text)
    TIM_OC3Init                              0x08006d45   Thumb Code   150  stm32f10x_tim.o(.text)
    TIM_OC4Init                              0x08006ddb   Thumb Code   182  stm32f10x_tim.o(.text)
    TIM_SetIC4Prescaler                      0x08006e91   Thumb Code    26  stm32f10x_tim.o(.text)
    TIM_SetIC3Prescaler                      0x08006f2d   Thumb Code    18  stm32f10x_tim.o(.text)
    TIM_SetIC2Prescaler                      0x08006fb9   Thumb Code    26  stm32f10x_tim.o(.text)
    TIM_SetIC1Prescaler                      0x08007055   Thumb Code    18  stm32f10x_tim.o(.text)
    TIM_ICInit                               0x080070d3   Thumb Code   150  stm32f10x_tim.o(.text)
    TIM_PWMIConfig                           0x08007169   Thumb Code   124  stm32f10x_tim.o(.text)
    TIM_BDTRConfig                           0x080071e5   Thumb Code    32  stm32f10x_tim.o(.text)
    TIM_TimeBaseStructInit                   0x08007205   Thumb Code    18  stm32f10x_tim.o(.text)
    TIM_OCStructInit                         0x08007217   Thumb Code    20  stm32f10x_tim.o(.text)
    TIM_ICStructInit                         0x0800722b   Thumb Code    18  stm32f10x_tim.o(.text)
    TIM_BDTRStructInit                       0x0800723d   Thumb Code    40  stm32f10x_tim.o(.text)
    TIM_Cmd                                  0x08007265   Thumb Code    24  stm32f10x_tim.o(.text)
    TIM_CtrlPWMOutputs                       0x0800727d   Thumb Code    30  stm32f10x_tim.o(.text)
    TIM_ITConfig                             0x0800729b   Thumb Code    18  stm32f10x_tim.o(.text)
    TIM_GenerateEvent                        0x080072ad   Thumb Code     4  stm32f10x_tim.o(.text)
    TIM_DMAConfig                            0x080072b1   Thumb Code    10  stm32f10x_tim.o(.text)
    TIM_DMACmd                               0x080072bb   Thumb Code    18  stm32f10x_tim.o(.text)
    TIM_InternalClockConfig                  0x080072cd   Thumb Code    12  stm32f10x_tim.o(.text)
    TIM_SelectInputTrigger                   0x080072d9   Thumb Code    18  stm32f10x_tim.o(.text)
    TIM_ITRxExternalClockConfig              0x080072eb   Thumb Code    24  stm32f10x_tim.o(.text)
    TIM_TIxExternalClockConfig               0x08007303   Thumb Code    62  stm32f10x_tim.o(.text)
    TIM_ETRConfig                            0x08007341   Thumb Code    28  stm32f10x_tim.o(.text)
    TIM_ETRClockMode1Config                  0x0800735d   Thumb Code    54  stm32f10x_tim.o(.text)
    TIM_ETRClockMode2Config                  0x08007393   Thumb Code    32  stm32f10x_tim.o(.text)
    TIM_PrescalerConfig                      0x080073b3   Thumb Code     6  stm32f10x_tim.o(.text)
    TIM_CounterModeConfig                    0x080073b9   Thumb Code    18  stm32f10x_tim.o(.text)
    TIM_EncoderInterfaceConfig               0x080073cb   Thumb Code    66  stm32f10x_tim.o(.text)
    TIM_ForcedOC1Config                      0x0800740d   Thumb Code    18  stm32f10x_tim.o(.text)
    TIM_ForcedOC2Config                      0x0800741f   Thumb Code    26  stm32f10x_tim.o(.text)
    TIM_ForcedOC3Config                      0x08007439   Thumb Code    18  stm32f10x_tim.o(.text)
    TIM_ForcedOC4Config                      0x0800744b   Thumb Code    26  stm32f10x_tim.o(.text)
    TIM_ARRPreloadConfig                     0x08007465   Thumb Code    24  stm32f10x_tim.o(.text)
    TIM_SelectCOM                            0x0800747d   Thumb Code    24  stm32f10x_tim.o(.text)
    TIM_SelectCCDMA                          0x08007495   Thumb Code    24  stm32f10x_tim.o(.text)
    TIM_CCPreloadControl                     0x080074ad   Thumb Code    24  stm32f10x_tim.o(.text)
    TIM_OC1PreloadConfig                     0x080074c5   Thumb Code    18  stm32f10x_tim.o(.text)
    TIM_OC2PreloadConfig                     0x080074d7   Thumb Code    26  stm32f10x_tim.o(.text)
    TIM_OC3PreloadConfig                     0x080074f1   Thumb Code    18  stm32f10x_tim.o(.text)
    TIM_OC4PreloadConfig                     0x08007503   Thumb Code    26  stm32f10x_tim.o(.text)
    TIM_OC1FastConfig                        0x0800751d   Thumb Code    18  stm32f10x_tim.o(.text)
    TIM_OC2FastConfig                        0x0800752f   Thumb Code    26  stm32f10x_tim.o(.text)
    TIM_OC3FastConfig                        0x08007549   Thumb Code    18  stm32f10x_tim.o(.text)
    TIM_OC4FastConfig                        0x0800755b   Thumb Code    26  stm32f10x_tim.o(.text)
    TIM_ClearOC1Ref                          0x08007575   Thumb Code    18  stm32f10x_tim.o(.text)
    TIM_ClearOC2Ref                          0x08007587   Thumb Code    24  stm32f10x_tim.o(.text)
    TIM_ClearOC3Ref                          0x0800759f   Thumb Code    18  stm32f10x_tim.o(.text)
    TIM_ClearOC4Ref                          0x080075b1   Thumb Code    24  stm32f10x_tim.o(.text)
    TIM_OC1PolarityConfig                    0x080075c9   Thumb Code    18  stm32f10x_tim.o(.text)
    TIM_OC1NPolarityConfig                   0x080075db   Thumb Code    18  stm32f10x_tim.o(.text)
    TIM_OC2PolarityConfig                    0x080075ed   Thumb Code    26  stm32f10x_tim.o(.text)
    TIM_OC2NPolarityConfig                   0x08007607   Thumb Code    26  stm32f10x_tim.o(.text)
    TIM_OC3PolarityConfig                    0x08007621   Thumb Code    26  stm32f10x_tim.o(.text)
    TIM_OC3NPolarityConfig                   0x0800763b   Thumb Code    26  stm32f10x_tim.o(.text)
    TIM_OC4PolarityConfig                    0x08007655   Thumb Code    26  stm32f10x_tim.o(.text)
    TIM_CCxCmd                               0x0800766f   Thumb Code    30  stm32f10x_tim.o(.text)
    TIM_CCxNCmd                              0x0800768d   Thumb Code    30  stm32f10x_tim.o(.text)
    TIM_SelectOCxM                           0x080076ab   Thumb Code    82  stm32f10x_tim.o(.text)
    TIM_UpdateDisableConfig                  0x080076fd   Thumb Code    24  stm32f10x_tim.o(.text)
    TIM_UpdateRequestConfig                  0x08007715   Thumb Code    24  stm32f10x_tim.o(.text)
    TIM_SelectHallSensor                     0x0800772d   Thumb Code    24  stm32f10x_tim.o(.text)
    TIM_SelectOnePulseMode                   0x08007745   Thumb Code    18  stm32f10x_tim.o(.text)
    TIM_SelectOutputTrigger                  0x08007757   Thumb Code    18  stm32f10x_tim.o(.text)
    TIM_SelectSlaveMode                      0x08007769   Thumb Code    18  stm32f10x_tim.o(.text)
    TIM_SelectMasterSlaveMode                0x0800777b   Thumb Code    18  stm32f10x_tim.o(.text)
    TIM_SetCounter                           0x0800778d   Thumb Code     4  stm32f10x_tim.o(.text)
    TIM_SetAutoreload                        0x08007791   Thumb Code     4  stm32f10x_tim.o(.text)
    TIM_SetCompare1                          0x08007795   Thumb Code     4  stm32f10x_tim.o(.text)
    TIM_SetCompare2                          0x08007799   Thumb Code     4  stm32f10x_tim.o(.text)
    TIM_SetCompare3                          0x0800779d   Thumb Code     4  stm32f10x_tim.o(.text)
    TIM_SetCompare4                          0x080077a1   Thumb Code     6  stm32f10x_tim.o(.text)
    TIM_SetClockDivision                     0x080077a7   Thumb Code    18  stm32f10x_tim.o(.text)
    TIM_GetCapture1                          0x080077b9   Thumb Code     6  stm32f10x_tim.o(.text)
    TIM_GetCapture2                          0x080077bf   Thumb Code     6  stm32f10x_tim.o(.text)
    TIM_GetCapture3                          0x080077c5   Thumb Code     6  stm32f10x_tim.o(.text)
    TIM_GetCapture4                          0x080077cb   Thumb Code     8  stm32f10x_tim.o(.text)
    TIM_GetCounter                           0x080077d3   Thumb Code     6  stm32f10x_tim.o(.text)
    TIM_GetPrescaler                         0x080077d9   Thumb Code     6  stm32f10x_tim.o(.text)
    TIM_GetFlagStatus                        0x080077df   Thumb Code    18  stm32f10x_tim.o(.text)
    TIM_ClearFlag                            0x080077f1   Thumb Code     6  stm32f10x_tim.o(.text)
    TIM_GetITStatus                          0x080077f7   Thumb Code    34  stm32f10x_tim.o(.text)
    TIM_ClearITPendingBit                    0x08007819   Thumb Code     6  stm32f10x_tim.o(.text)
    USART_DeInit                             0x08007821   Thumb Code   134  stm32f10x_usart.o(.text)
    USART_Init                               0x080078a7   Thumb Code   210  stm32f10x_usart.o(.text)
    USART_StructInit                         0x08007979   Thumb Code    24  stm32f10x_usart.o(.text)
    USART_ClockInit                          0x08007991   Thumb Code    34  stm32f10x_usart.o(.text)
    USART_ClockStructInit                    0x080079b3   Thumb Code    12  stm32f10x_usart.o(.text)
    USART_Cmd                                0x080079bf   Thumb Code    24  stm32f10x_usart.o(.text)
    USART_ITConfig                           0x080079d7   Thumb Code    74  stm32f10x_usart.o(.text)
    USART_DMACmd                             0x08007a21   Thumb Code    18  stm32f10x_usart.o(.text)
    USART_SetAddress                         0x08007a33   Thumb Code    18  stm32f10x_usart.o(.text)
    USART_WakeUpConfig                       0x08007a45   Thumb Code    18  stm32f10x_usart.o(.text)
    USART_ReceiverWakeUpCmd                  0x08007a57   Thumb Code    24  stm32f10x_usart.o(.text)
    USART_LINBreakDetectLengthConfig         0x08007a6f   Thumb Code    18  stm32f10x_usart.o(.text)
    USART_LINCmd                             0x08007a81   Thumb Code    24  stm32f10x_usart.o(.text)
    USART_SendData                           0x08007a99   Thumb Code     8  stm32f10x_usart.o(.text)
    USART_ReceiveData                        0x08007aa1   Thumb Code    10  stm32f10x_usart.o(.text)
    USART_SendBreak                          0x08007aab   Thumb Code    10  stm32f10x_usart.o(.text)
    USART_SetGuardTime                       0x08007ab5   Thumb Code    16  stm32f10x_usart.o(.text)
    USART_SetPrescaler                       0x08007ac5   Thumb Code    16  stm32f10x_usart.o(.text)
    USART_SmartCardCmd                       0x08007ad5   Thumb Code    24  stm32f10x_usart.o(.text)
    USART_SmartCardNACKCmd                   0x08007aed   Thumb Code    24  stm32f10x_usart.o(.text)
    USART_HalfDuplexCmd                      0x08007b05   Thumb Code    24  stm32f10x_usart.o(.text)
    USART_OverSampling8Cmd                   0x08007b1d   Thumb Code    22  stm32f10x_usart.o(.text)
    USART_OneBitMethodCmd                    0x08007b33   Thumb Code    24  stm32f10x_usart.o(.text)
    USART_IrDAConfig                         0x08007b4b   Thumb Code    18  stm32f10x_usart.o(.text)
    USART_IrDACmd                            0x08007b5d   Thumb Code    24  stm32f10x_usart.o(.text)
    USART_GetFlagStatus                      0x08007b75   Thumb Code    26  stm32f10x_usart.o(.text)
    USART_ClearFlag                          0x08007b8f   Thumb Code    18  stm32f10x_usart.o(.text)
    USART_GetITStatus                        0x08007ba1   Thumb Code    84  stm32f10x_usart.o(.text)
    USART_ClearITPendingBit                  0x08007bf5   Thumb Code    52  stm32f10x_usart.o(.text)
    ADC_DeInit                               0x08007c29   Thumb Code    78  stm32f10x_adc.o(.text)
    ADC_Init                                 0x08007c77   Thumb Code    70  stm32f10x_adc.o(.text)
    ADC_StructInit                           0x08007cbd   Thumb Code    18  stm32f10x_adc.o(.text)
    ADC_Cmd                                  0x08007ccf   Thumb Code    22  stm32f10x_adc.o(.text)
    ADC_DMACmd                               0x08007ce5   Thumb Code    22  stm32f10x_adc.o(.text)
    ADC_ITConfig                             0x08007cfb   Thumb Code    24  stm32f10x_adc.o(.text)
    ADC_ResetCalibration                     0x08007d13   Thumb Code    10  stm32f10x_adc.o(.text)
    ADC_GetResetCalibrationStatus            0x08007d1d   Thumb Code    20  stm32f10x_adc.o(.text)
    ADC_StartCalibration                     0x08007d31   Thumb Code    10  stm32f10x_adc.o(.text)
    ADC_GetCalibrationStatus                 0x08007d3b   Thumb Code    20  stm32f10x_adc.o(.text)
    ADC_SoftwareStartConvCmd                 0x08007d4f   Thumb Code    22  stm32f10x_adc.o(.text)
    ADC_GetSoftwareStartConvStatus           0x08007d65   Thumb Code    20  stm32f10x_adc.o(.text)
    ADC_DiscModeChannelCountConfig           0x08007d79   Thumb Code    24  stm32f10x_adc.o(.text)
    ADC_DiscModeCmd                          0x08007d91   Thumb Code    22  stm32f10x_adc.o(.text)
    ADC_RegularChannelConfig                 0x08007da7   Thumb Code   184  stm32f10x_adc.o(.text)
    ADC_ExternalTrigConvCmd                  0x08007e5f   Thumb Code    22  stm32f10x_adc.o(.text)
    ADC_GetConversionValue                   0x08007e75   Thumb Code     8  stm32f10x_adc.o(.text)
    ADC_GetDualModeConversionValue           0x08007e7d   Thumb Code     8  stm32f10x_adc.o(.text)
    ADC_AutoInjectedConvCmd                  0x08007e85   Thumb Code    22  stm32f10x_adc.o(.text)
    ADC_InjectedDiscModeCmd                  0x08007e9b   Thumb Code    22  stm32f10x_adc.o(.text)
    ADC_ExternalTrigInjectedConvConfig       0x08007eb1   Thumb Code    16  stm32f10x_adc.o(.text)
    ADC_ExternalTrigInjectedConvCmd          0x08007ec1   Thumb Code    22  stm32f10x_adc.o(.text)
    ADC_SoftwareStartInjectedConvCmd         0x08007ed7   Thumb Code    22  stm32f10x_adc.o(.text)
    ADC_GetSoftwareStartInjectedConvCmdStatus 0x08007eed   Thumb Code    20  stm32f10x_adc.o(.text)
    ADC_InjectedChannelConfig                0x08007f01   Thumb Code   130  stm32f10x_adc.o(.text)
    ADC_InjectedSequencerLengthConfig        0x08007f83   Thumb Code    24  stm32f10x_adc.o(.text)
    ADC_SetInjectedOffset                    0x08007f9b   Thumb Code    20  stm32f10x_adc.o(.text)
    ADC_GetInjectedConversionValue           0x08007faf   Thumb Code    28  stm32f10x_adc.o(.text)
    ADC_AnalogWatchdogCmd                    0x08007fcb   Thumb Code    16  stm32f10x_adc.o(.text)
    ADC_AnalogWatchdogThresholdsConfig       0x08007fdb   Thumb Code     6  stm32f10x_adc.o(.text)
    ADC_AnalogWatchdogSingleChannelConfig    0x08007fe1   Thumb Code    16  stm32f10x_adc.o(.text)
    ADC_TempSensorVrefintCmd                 0x08007ff1   Thumb Code    64  stm32f10x_adc.o(.text)
    ADC_GetFlagStatus                        0x08008031   Thumb Code    18  stm32f10x_adc.o(.text)
    ADC_ClearFlag                            0x08008043   Thumb Code     6  stm32f10x_adc.o(.text)
    ADC_GetITStatus                          0x08008049   Thumb Code    36  stm32f10x_adc.o(.text)
    ADC_ClearITPendingBit                    0x0800806d   Thumb Code    10  stm32f10x_adc.o(.text)
    FSMC_NORSRAMDeInit                       0x08008079   Thumb Code    54  stm32f10x_fsmc.o(.text)
    FSMC_NANDDeInit                          0x080080af   Thumb Code    62  stm32f10x_fsmc.o(.text)
    FSMC_PCCARDDeInit                        0x080080ed   Thumb Code    36  stm32f10x_fsmc.o(.text)
    FSMC_NORSRAMInit                         0x08008111   Thumb Code   230  stm32f10x_fsmc.o(.text)
    FSMC_NANDInit                            0x080081f7   Thumb Code   132  stm32f10x_fsmc.o(.text)
    FSMC_PCCARDInit                          0x0800827b   Thumb Code   130  stm32f10x_fsmc.o(.text)
    FSMC_NORSRAMStructInit                   0x080082fd   Thumb Code   114  stm32f10x_fsmc.o(.text)
    FSMC_NANDStructInit                      0x0800836f   Thumb Code    54  stm32f10x_fsmc.o(.text)
    FSMC_PCCARDStructInit                    0x080083a5   Thumb Code    60  stm32f10x_fsmc.o(.text)
    FSMC_NORSRAMCmd                          0x080083e1   Thumb Code    46  stm32f10x_fsmc.o(.text)
    FSMC_NANDCmd                             0x0800840f   Thumb Code    86  stm32f10x_fsmc.o(.text)
    FSMC_PCCARDCmd                           0x08008465   Thumb Code    44  stm32f10x_fsmc.o(.text)
    FSMC_NANDECCCmd                          0x08008491   Thumb Code    90  stm32f10x_fsmc.o(.text)
    FSMC_GetECC                              0x080084eb   Thumb Code    24  stm32f10x_fsmc.o(.text)
    FSMC_ITConfig                            0x08008503   Thumb Code   128  stm32f10x_fsmc.o(.text)
    FSMC_GetFlagStatus                       0x08008583   Thumb Code    54  stm32f10x_fsmc.o(.text)
    FSMC_ClearFlag                           0x080085b9   Thumb Code    62  stm32f10x_fsmc.o(.text)
    FSMC_GetITStatus                         0x080085f7   Thumb Code    64  stm32f10x_fsmc.o(.text)
    FSMC_ClearITPendingBit                   0x08008637   Thumb Code    68  stm32f10x_fsmc.o(.text)
    __use_no_semihosting                     0x08008685   Thumb Code     2  use_no_semi_2.o(.text)
    __2printf                                0x08008689   Thumb Code    20  noretval__2printf.o(.text)
    __printf                                 0x080086a1   Thumb Code   104  __printf.o(.text)
    _printf_int_hex                          0x08008709   Thumb Code    84  _printf_hex_int.o(.text)
    _printf_longlong_hex                     0x08008709   Thumb Code     0  _printf_hex_int.o(.text)
    __use_two_region_memory                  0x08008761   Thumb Code     2  heapauxi.o(.text)
    __rt_heap_escrow$2region                 0x08008763   Thumb Code     2  heapauxi.o(.text)
    __rt_heap_expand$2region                 0x08008765   Thumb Code     2  heapauxi.o(.text)
    __I$use$semihosting                      0x08008767   Thumb Code     0  use_no_semi.o(.text)
    __use_no_semihosting_swi                 0x08008767   Thumb Code     2  use_no_semi.o(.text)
    _printf_int_common                       0x08008769   Thumb Code   178  _printf_intcommon.o(.text)
    _printf_char_file                        0x0800881d   Thumb Code    32  _printf_char_file.o(.text)
    _printf_char_common                      0x0800884b   Thumb Code    32  _printf_char_common.o(.text)
    ferror                                   0x08008871   Thumb Code     8  ferror.o(.text)
    __user_setup_stackheap                   0x08008879   Thumb Code    74  sys_stackheap_outer.o(.text)
    exit                                     0x080088c3   Thumb Code    12  exit.o(.text)
    __user_libspace                          0x080088d1   Thumb Code     8  libspace.o(.text)
    __user_perproc_libspace                  0x080088d1   Thumb Code     0  libspace.o(.text)
    __user_perthread_libspace                0x080088d1   Thumb Code     0  libspace.o(.text)
    __aeabi_d2f                              0x080088d9   Thumb Code     0  d2f.o(x$fpl$d2f)
    _d2f                                     0x080088d9   Thumb Code    98  d2f.o(x$fpl$d2f)
    __aeabi_dadd                             0x0800893d   Thumb Code     0  daddsub_clz.o(x$fpl$dadd)
    _dadd                                    0x0800893d   Thumb Code   332  daddsub_clz.o(x$fpl$dadd)
    __fpl_dcmp_Inf                           0x08008a8d   Thumb Code    24  dcmpi.o(x$fpl$dcmpinf)
    __aeabi_ddiv                             0x08008aa5   Thumb Code     0  ddiv.o(x$fpl$ddiv)
    _ddiv                                    0x08008aa5   Thumb Code   552  ddiv.o(x$fpl$ddiv)
    __aeabi_d2iz                             0x08008d55   Thumb Code     0  dfix.o(x$fpl$dfix)
    _dfix                                    0x08008d55   Thumb Code    94  dfix.o(x$fpl$dfix)
    __aeabi_d2uiz                            0x08008db5   Thumb Code     0  dfixu.o(x$fpl$dfixu)
    _dfixu                                   0x08008db5   Thumb Code    90  dfixu.o(x$fpl$dfixu)
    __aeabi_ui2d                             0x08008e0f   Thumb Code     0  dflt_clz.o(x$fpl$dfltu)
    _dfltu                                   0x08008e0f   Thumb Code    38  dflt_clz.o(x$fpl$dfltu)
    __aeabi_cdcmple                          0x08008e35   Thumb Code     0  dleqf.o(x$fpl$dleqf)
    _dcmple                                  0x08008e35   Thumb Code   120  dleqf.o(x$fpl$dleqf)
    __fpl_dcmple_InfNaN                      0x08008e97   Thumb Code     0  dleqf.o(x$fpl$dleqf)
    __aeabi_dmul                             0x08008ead   Thumb Code     0  dmul.o(x$fpl$dmul)
    _dmul                                    0x08008ead   Thumb Code   332  dmul.o(x$fpl$dmul)
    __fpl_dnaninf                            0x08009001   Thumb Code   156  dnaninf.o(x$fpl$dnaninf)
    __fpl_dretinf                            0x0800909d   Thumb Code    12  dretinf.o(x$fpl$dretinf)
    __aeabi_cdrcmple                         0x080090a9   Thumb Code     0  drleqf.o(x$fpl$drleqf)
    _drcmple                                 0x080090a9   Thumb Code   108  drleqf.o(x$fpl$drleqf)
    __aeabi_dsub                             0x08009115   Thumb Code     0  daddsub_clz.o(x$fpl$dsub)
    _dsub                                    0x08009115   Thumb Code   464  daddsub_clz.o(x$fpl$dsub)
    __aeabi_f2d                              0x080092e9   Thumb Code     0  f2d.o(x$fpl$f2d)
    _f2d                                     0x080092e9   Thumb Code    86  f2d.o(x$fpl$f2d)
    __aeabi_fadd                             0x08009341   Thumb Code     0  faddsub_clz.o(x$fpl$fadd)
    _fadd                                    0x08009341   Thumb Code   196  faddsub_clz.o(x$fpl$fadd)
    __fpl_fcmp_Inf                           0x08009405   Thumb Code    24  fcmpi.o(x$fpl$fcmpinf)
    __aeabi_fdiv                             0x0800941d   Thumb Code     0  fdiv.o(x$fpl$fdiv)
    _fdiv                                    0x0800941d   Thumb Code   384  fdiv.o(x$fpl$fdiv)
    __aeabi_f2uiz                            0x080095a1   Thumb Code     0  ffixu.o(x$fpl$ffixu)
    _ffixu                                   0x080095a1   Thumb Code    62  ffixu.o(x$fpl$ffixu)
    __aeabi_ui2f                             0x080095e1   Thumb Code     0  fflt_clz.o(x$fpl$ffltu)
    _ffltu                                   0x080095e1   Thumb Code    38  fflt_clz.o(x$fpl$ffltu)
    __aeabi_cfcmple                          0x08009609   Thumb Code     0  fleqf.o(x$fpl$fleqf)
    _fcmple                                  0x08009609   Thumb Code   104  fleqf.o(x$fpl$fleqf)
    __fpl_fcmple_InfNaN                      0x0800965b   Thumb Code     0  fleqf.o(x$fpl$fleqf)
    __aeabi_fmul                             0x08009671   Thumb Code     0  fmul.o(x$fpl$fmul)
    _fmul                                    0x08009671   Thumb Code   258  fmul.o(x$fpl$fmul)
    __fpl_fnaninf                            0x08009773   Thumb Code   140  fnaninf.o(x$fpl$fnaninf)
    __fpl_fretinf                            0x080097ff   Thumb Code    10  fretinf.o(x$fpl$fretinf)
    __aeabi_cfrcmple                         0x08009809   Thumb Code     0  frleqf.o(x$fpl$frleqf)
    _frcmple                                 0x08009809   Thumb Code    98  frleqf.o(x$fpl$frleqf)
    __aeabi_frsub                            0x0800986b   Thumb Code     0  faddsub_clz.o(x$fpl$frsb)
    _frsb                                    0x0800986b   Thumb Code    20  faddsub_clz.o(x$fpl$frsb)
    __aeabi_fsub                             0x08009881   Thumb Code     0  faddsub_clz.o(x$fpl$fsub)
    _fsub                                    0x08009881   Thumb Code   234  faddsub_clz.o(x$fpl$fsub)
    __I$use$fp                               0x0800996a   Number         0  usenofp.o(x$fpl$usenofp)
    asc2_1206                                0x0800996a   Data        1140  lcd.o(.constdata)
    asc2_1608                                0x08009dde   Data        1520  lcd.o(.constdata)
    asc2_2412                                0x0800a3ce   Data        3420  lcd.o(.constdata)
    Region$$Table$$Base                      0x0800b154   Number         0  anon$$obj.o(Region$$Table)
    Region$$Table$$Limit                     0x0800b174   Number         0  anon$$obj.o(Region$$Table)
    speed                                    0x20000000   Data           2  main.o(.data)
    speed_L                                  0x20000002   Data           2  main.o(.data)
    Angle                                    0x20000004   Data           4  main.o(.data)
    Angle_Start                              0x20000008   Data           4  main.o(.data)
    Mode                                     0x2000000c   Data           1  main.o(.data)
    Angle_Mode                               0x2000000d   Data           1  main.o(.data)
    Angle_0                                  0x2000000e   Data           1  main.o(.data)
    Angle_1                                  0x2000000f   Data           1  main.o(.data)
    Start                                    0x20000010   Data           1  main.o(.data)
    k                                        0x20000011   Data           1  main.o(.data)
    SystemCoreClock                          0x20000014   Data           4  system_stm32f10x.o(.data)
    AHBPrescTable                            0x20000018   Data          16  system_stm32f10x.o(.data)
    TIM2_Start                               0x20000029   Data           1  timer.o(.data)
    i                                        0x2000002a   Data           1  timer.o(.data)
    POINT_COLOR                              0x2000002c   Data           2  lcd.o(.data)
    BACK_COLOR                               0x2000002e   Data           2  lcd.o(.data)
    __stdout                                 0x20000034   Data           4  usart.o(.data)
    USART_RX_STA                             0x20000038   Data           2  usart.o(.data)
    pid                                      0x20000050   Data          80  control.o(.bss)
    lcddev                                   0x200000a0   Data          14  lcd.o(.bss)
    USART_RX_BUF                             0x200000ae   Data         200  usart.o(.bss)
    __libspace_start                         0x20000178   Data          96  libspace.o(.bss)
    __temporary_stack_top$libspace           0x200001d8   Data           0  libspace.o(.bss)



==============================================================================

Memory Map of the image

  Image Entry point : 0x08000131

  Load Region LR_IROM1 (Base: 0x08000000, Size: 0x0000b1c4, Max: 0x00080000, ABSOLUTE)

    Execution Region ER_IROM1 (Base: 0x08000000, Size: 0x0000b174, Max: 0x00080000, ABSOLUTE)

    Base Addr    Size         Type   Attr      Idx    E Section Name        Object

    0x08000000   0x00000130   Data   RO          392    RESET               startup_stm32f10x_hd.o
    0x08000130   0x00000008   Code   RO          538  * !!!main             c_w.l(__main.o)
    0x08000138   0x00000034   Code   RO          778    !!!scatter          c_w.l(__scatter.o)
    0x0800016c   0x0000001a   Code   RO          780    !!handler_copy      c_w.l(__scatter_copy.o)
    0x08000186   0x00000002   PAD
    0x08000188   0x0000001c   Code   RO          782    !!handler_zi        c_w.l(__scatter_zi.o)
    0x080001a4   0x00000000   Code   RO          535    .ARM.Collect$$_printf_percent$$00000000  c_w.l(_printf_percent.o)
    0x080001a4   0x00000006   Code   RO          534    .ARM.Collect$$_printf_percent$$0000000C  c_w.l(_printf_x.o)
    0x080001aa   0x00000004   Code   RO          607    .ARM.Collect$$_printf_percent$$00000017  c_w.l(_printf_percent_end.o)
    0x080001ae   0x00000002   Code   RO          653    .ARM.Collect$$libinit$$00000000  c_w.l(libinit.o)
    0x080001b0   0x00000000   Code   RO          660    .ARM.Collect$$libinit$$00000002  c_w.l(libinit2.o)
    0x080001b0   0x00000000   Code   RO          662    .ARM.Collect$$libinit$$00000004  c_w.l(libinit2.o)
    0x080001b0   0x00000000   Code   RO          665    .ARM.Collect$$libinit$$0000000A  c_w.l(libinit2.o)
    0x080001b0   0x00000000   Code   RO          667    .ARM.Collect$$libinit$$0000000C  c_w.l(libinit2.o)
    0x080001b0   0x00000000   Code   RO          669    .ARM.Collect$$libinit$$0000000E  c_w.l(libinit2.o)
    0x080001b0   0x00000000   Code   RO          672    .ARM.Collect$$libinit$$00000011  c_w.l(libinit2.o)
    0x080001b0   0x00000000   Code   RO          674    .ARM.Collect$$libinit$$00000013  c_w.l(libinit2.o)
    0x080001b0   0x00000000   Code   RO          676    .ARM.Collect$$libinit$$00000015  c_w.l(libinit2.o)
    0x080001b0   0x00000000   Code   RO          678    .ARM.Collect$$libinit$$00000017  c_w.l(libinit2.o)
    0x080001b0   0x00000000   Code   RO          680    .ARM.Collect$$libinit$$00000019  c_w.l(libinit2.o)
    0x080001b0   0x00000000   Code   RO          682    .ARM.Collect$$libinit$$0000001B  c_w.l(libinit2.o)
    0x080001b0   0x00000000   Code   RO          684    .ARM.Collect$$libinit$$0000001D  c_w.l(libinit2.o)
    0x080001b0   0x00000000   Code   RO          686    .ARM.Collect$$libinit$$0000001F  c_w.l(libinit2.o)
    0x080001b0   0x00000000   Code   RO          688    .ARM.Collect$$libinit$$00000021  c_w.l(libinit2.o)
    0x080001b0   0x00000000   Code   RO          690    .ARM.Collect$$libinit$$00000023  c_w.l(libinit2.o)
    0x080001b0   0x00000000   Code   RO          692    .ARM.Collect$$libinit$$00000025  c_w.l(libinit2.o)
    0x080001b0   0x00000000   Code   RO          696    .ARM.Collect$$libinit$$0000002C  c_w.l(libinit2.o)
    0x080001b0   0x00000000   Code   RO          698    .ARM.Collect$$libinit$$0000002E  c_w.l(libinit2.o)
    0x080001b0   0x00000000   Code   RO          700    .ARM.Collect$$libinit$$00000030  c_w.l(libinit2.o)
    0x080001b0   0x00000000   Code   RO          702    .ARM.Collect$$libinit$$00000032  c_w.l(libinit2.o)
    0x080001b0   0x00000002   Code   RO          703    .ARM.Collect$$libinit$$00000033  c_w.l(libinit2.o)
    0x080001b2   0x00000002   Code   RO          721    .ARM.Collect$$libshutdown$$00000000  c_w.l(libshutdown.o)
    0x080001b4   0x00000000   Code   RO          732    .ARM.Collect$$libshutdown$$00000003  c_w.l(libshutdown2.o)
    0x080001b4   0x00000000   Code   RO          735    .ARM.Collect$$libshutdown$$00000006  c_w.l(libshutdown2.o)
    0x080001b4   0x00000000   Code   RO          738    .ARM.Collect$$libshutdown$$00000009  c_w.l(libshutdown2.o)
    0x080001b4   0x00000000   Code   RO          740    .ARM.Collect$$libshutdown$$0000000B  c_w.l(libshutdown2.o)
    0x080001b4   0x00000000   Code   RO          743    .ARM.Collect$$libshutdown$$0000000E  c_w.l(libshutdown2.o)
    0x080001b4   0x00000002   Code   RO          744    .ARM.Collect$$libshutdown$$0000000F  c_w.l(libshutdown2.o)
    0x080001b6   0x00000000   Code   RO          602    .ARM.Collect$$rtentry$$00000000  c_w.l(__rtentry.o)
    0x080001b6   0x00000000   Code   RO          622    .ARM.Collect$$rtentry$$00000002  c_w.l(__rtentry2.o)
    0x080001b6   0x00000006   Code   RO          634    .ARM.Collect$$rtentry$$00000004  c_w.l(__rtentry4.o)
    0x080001bc   0x00000000   Code   RO          624    .ARM.Collect$$rtentry$$00000009  c_w.l(__rtentry2.o)
    0x080001bc   0x00000004   Code   RO          625    .ARM.Collect$$rtentry$$0000000A  c_w.l(__rtentry2.o)
    0x080001c0   0x00000000   Code   RO          627    .ARM.Collect$$rtentry$$0000000C  c_w.l(__rtentry2.o)
    0x080001c0   0x00000008   Code   RO          628    .ARM.Collect$$rtentry$$0000000D  c_w.l(__rtentry2.o)
    0x080001c8   0x00000002   Code   RO          657    .ARM.Collect$$rtexit$$00000000  c_w.l(rtexit.o)
    0x080001ca   0x00000000   Code   RO          705    .ARM.Collect$$rtexit$$00000002  c_w.l(rtexit2.o)
    0x080001ca   0x00000004   Code   RO          706    .ARM.Collect$$rtexit$$00000003  c_w.l(rtexit2.o)
    0x080001ce   0x00000006   Code   RO          707    .ARM.Collect$$rtexit$$00000004  c_w.l(rtexit2.o)
    0x080001d4   0x000000c4   Code   RO            1    .text               main.o
    0x08000298   0x0000001a   Code   RO          141    .text               stm32f10x_it.o
    0x080002b2   0x00000002   PAD
    0x080002b4   0x000001e0   Code   RO          182    .text               system_stm32f10x.o
    0x08000494   0x00000184   Code   RO          200    .text               key.o
    0x08000618   0x0000003c   Code   RO          217    .text               led.o
    0x08000654   0x00000208   Code   RO          229    .text               timer.o
    0x0800085c   0x00000158   Code   RO          252    .text               adc.o
    0x080009b4   0x00000728   Code   RO          265    .text               control.o
    0x080010dc   0x000002f8   Code   RO          284    .text               niming.o
    0x080013d4   0x00004c00   Code   RO          296    .text               lcd.o
    0x08005fd4   0x000000d4   Code   RO          326    .text               delay.o
    0x080060a8   0x00000140   Code   RO          357    .text               usart.o
    0x080061e8   0x00000040   Code   RO          393    .text               startup_stm32f10x_hd.o
    0x08006228   0x000000dc   Code   RO          397    .text               misc.o
    0x08006304   0x0000035c   Code   RO          409    .text               stm32f10x_gpio.o
    0x08006660   0x000003a4   Code   RO          421    .text               stm32f10x_rcc.o
    0x08006a04   0x00000e1a   Code   RO          435    .text               stm32f10x_tim.o
    0x0800781e   0x00000002   PAD
    0x08007820   0x00000408   Code   RO          447    .text               stm32f10x_usart.o
    0x08007c28   0x0000044e   Code   RO          459    .text               stm32f10x_adc.o
    0x08008076   0x00000002   PAD
    0x08008078   0x0000060c   Code   RO          471    .text               stm32f10x_fsmc.o
    0x08008684   0x00000002   Code   RO          485    .text               c_w.l(use_no_semi_2.o)
    0x08008686   0x00000002   PAD
    0x08008688   0x00000018   Code   RO          489    .text               c_w.l(noretval__2printf.o)
    0x080086a0   0x00000068   Code   RO          491    .text               c_w.l(__printf.o)
    0x08008708   0x00000058   Code   RO          496    .text               c_w.l(_printf_hex_int.o)
    0x08008760   0x00000006   Code   RO          536    .text               c_w.l(heapauxi.o)
    0x08008766   0x00000002   Code   RO          600    .text               c_w.l(use_no_semi.o)
    0x08008768   0x000000b2   Code   RO          603    .text               c_w.l(_printf_intcommon.o)
    0x0800881a   0x00000002   PAD
    0x0800881c   0x00000024   Code   RO          605    .text               c_w.l(_printf_char_file.o)
    0x08008840   0x00000030   Code   RO          636    .text               c_w.l(_printf_char_common.o)
    0x08008870   0x00000008   Code   RO          638    .text               c_w.l(ferror.o)
    0x08008878   0x0000004a   Code   RO          642    .text               c_w.l(sys_stackheap_outer.o)
    0x080088c2   0x0000000c   Code   RO          646    .text               c_w.l(exit.o)
    0x080088ce   0x00000002   PAD
    0x080088d0   0x00000008   Code   RO          654    .text               c_w.l(libspace.o)
    0x080088d8   0x00000062   Code   RO          540    x$fpl$d2f           fz_ws.l(d2f.o)
    0x0800893a   0x00000002   PAD
    0x0800893c   0x00000150   Code   RO          542    x$fpl$dadd          fz_ws.l(daddsub_clz.o)
    0x08008a8c   0x00000018   Code   RO          608    x$fpl$dcmpinf       fz_ws.l(dcmpi.o)
    0x08008aa4   0x000002b0   Code   RO          549    x$fpl$ddiv          fz_ws.l(ddiv.o)
    0x08008d54   0x0000005e   Code   RO          552    x$fpl$dfix          fz_ws.l(dfix.o)
    0x08008db2   0x00000002   PAD
    0x08008db4   0x0000005a   Code   RO          556    x$fpl$dfixu         fz_ws.l(dfixu.o)
    0x08008e0e   0x00000026   Code   RO          560    x$fpl$dfltu         fz_ws.l(dflt_clz.o)
    0x08008e34   0x00000078   Code   RO          566    x$fpl$dleqf         fz_ws.l(dleqf.o)
    0x08008eac   0x00000154   Code   RO          568    x$fpl$dmul          fz_ws.l(dmul.o)
    0x08009000   0x0000009c   Code   RO          610    x$fpl$dnaninf       fz_ws.l(dnaninf.o)
    0x0800909c   0x0000000c   Code   RO          612    x$fpl$dretinf       fz_ws.l(dretinf.o)
    0x080090a8   0x0000006c   Code   RO          570    x$fpl$drleqf        fz_ws.l(drleqf.o)
    0x08009114   0x000001d4   Code   RO          544    x$fpl$dsub          fz_ws.l(daddsub_clz.o)
    0x080092e8   0x00000056   Code   RO          572    x$fpl$f2d           fz_ws.l(f2d.o)
    0x0800933e   0x00000002   PAD
    0x08009340   0x000000c4   Code   RO          574    x$fpl$fadd          fz_ws.l(faddsub_clz.o)
    0x08009404   0x00000018   Code   RO          614    x$fpl$fcmpinf       fz_ws.l(fcmpi.o)
    0x0800941c   0x00000184   Code   RO          581    x$fpl$fdiv          fz_ws.l(fdiv.o)
    0x080095a0   0x0000003e   Code   RO          584    x$fpl$ffixu         fz_ws.l(ffixu.o)
    0x080095de   0x00000002   PAD
    0x080095e0   0x00000026   Code   RO          588    x$fpl$ffltu         fz_ws.l(fflt_clz.o)
    0x08009606   0x00000002   PAD
    0x08009608   0x00000068   Code   RO          594    x$fpl$fleqf         fz_ws.l(fleqf.o)
    0x08009670   0x00000102   Code   RO          596    x$fpl$fmul          fz_ws.l(fmul.o)
    0x08009772   0x0000008c   Code   RO          616    x$fpl$fnaninf       fz_ws.l(fnaninf.o)
    0x080097fe   0x0000000a   Code   RO          618    x$fpl$fretinf       fz_ws.l(fretinf.o)
    0x08009808   0x00000062   Code   RO          598    x$fpl$frleqf        fz_ws.l(frleqf.o)
    0x0800986a   0x00000014   Code   RO          575    x$fpl$frsb          fz_ws.l(faddsub_clz.o)
    0x0800987e   0x00000002   PAD
    0x08009880   0x000000ea   Code   RO          576    x$fpl$fsub          fz_ws.l(faddsub_clz.o)
    0x0800996a   0x00000000   Code   RO          620    x$fpl$usenofp       fz_ws.l(usenofp.o)
    0x0800996a   0x000017c0   Data   RO          298    .constdata          lcd.o
    0x0800b12a   0x00000028   Data   RO          497    .constdata          c_w.l(_printf_hex_int.o)
    0x0800b152   0x00000002   PAD
    0x0800b154   0x00000020   Data   RO          776    Region$$Table       anon$$obj.o


    Execution Region RW_IRAM1 (Base: 0x20000000, Size: 0x000007d8, Max: 0x00010000, ABSOLUTE)

    Base Addr    Size         Type   Attr      Idx    E Section Name        Object

    0x20000000   0x00000012   Data   RW            2    .data               main.o
    0x20000012   0x00000002   PAD
    0x20000014   0x00000014   Data   RW          183    .data               system_stm32f10x.o
    0x20000028   0x00000001   Data   RW          201    .data               key.o
    0x20000029   0x00000002   Data   RW          230    .data               timer.o
    0x2000002b   0x00000001   PAD
    0x2000002c   0x00000004   Data   RW          299    .data               lcd.o
    0x20000030   0x00000004   Data   RW          327    .data               delay.o
    0x20000034   0x00000006   Data   RW          359    .data               usart.o
    0x2000003a   0x00000014   Data   RW          422    .data               stm32f10x_rcc.o
    0x2000004e   0x00000002   PAD
    0x20000050   0x00000050   Zero   RW          266    .bss                control.o
    0x200000a0   0x0000000e   Zero   RW          297    .bss                lcd.o
    0x200000ae   0x000000c8   Zero   RW          358    .bss                usart.o
    0x20000176   0x00000002   PAD
    0x20000178   0x00000060   Zero   RW          655    .bss                c_w.l(libspace.o)
    0x200001d8   0x00000200   Zero   RW          391    HEAP                startup_stm32f10x_hd.o
    0x200003d8   0x00000400   Zero   RW          390    STACK               startup_stm32f10x_hd.o


==============================================================================

Image component sizes


      Code (inc. data)   RO Data    RW Data    ZI Data      Debug   Object Name

       344         30          0          0          0       1041   adc.o
      1832        180          0          0         80       3931   control.o
       212         18          0          4          0       1011   delay.o
       388         44          0          1          0       1021   key.o
     19456        252       6080          4         14      21918   lcd.o
        60          8          0          0          0        483   led.o
       196         30          0         18          0     270693   main.o
       220         22          0          0          0       1789   misc.o
       760          6          0          0          0       3505   niming.o
        64         26        304          0       1536        788   startup_stm32f10x_hd.o
      1102         26          0          0          0      10825   stm32f10x_adc.o
      1548         18          0          0          0       5335   stm32f10x_fsmc.o
       860         38          0          0          0       5633   stm32f10x_gpio.o
        26          0          0          0          0       1174   stm32f10x_it.o
       932         36          0         20          0       8800   stm32f10x_rcc.o
      3610         88          0          0          0      22120   stm32f10x_tim.o
      1032         22          0          0          0       8360   stm32f10x_usart.o
         0          0          0          0          0         32   sys.o
       480         38          0         20          0       1719   system_stm32f10x.o
       520         30          0          2          0       2365   timer.o
       320         16          0          6        200       3134   usart.o

    ----------------------------------------------------------------------
     33968        928       6416         80       1832     375677   Object Totals
         0          0         32          0          0          0   (incl. Generated)
         6          0          0          5          2          0   (incl. Padding)

    ----------------------------------------------------------------------

      Code (inc. data)   RO Data    RW Data    ZI Data      Debug   Library Member Name

         8          0          0          0          0         68   __main.o
       104          0          0          0          0         84   __printf.o
         0          0          0          0          0          0   __rtentry.o
        12          0          0          0          0          0   __rtentry2.o
         6          0          0          0          0          0   __rtentry4.o
        52          8          0          0          0          0   __scatter.o
        26          0          0          0          0          0   __scatter_copy.o
        28          0          0          0          0          0   __scatter_zi.o
        48          6          0          0          0         96   _printf_char_common.o
        36          4          0          0          0         80   _printf_char_file.o
        88          4         40          0          0         88   _printf_hex_int.o
       178          0          0          0          0         88   _printf_intcommon.o
         0          0          0          0          0          0   _printf_percent.o
         4          0          0          0          0          0   _printf_percent_end.o
         6          0          0          0          0          0   _printf_x.o
        12          0          0          0          0         72   exit.o
         8          0          0          0          0         68   ferror.o
         6          0          0          0          0        152   heapauxi.o
         2          0          0          0          0          0   libinit.o
         2          0          0          0          0          0   libinit2.o
         2          0          0          0          0          0   libshutdown.o
         2          0          0          0          0          0   libshutdown2.o
         8          4          0          0         96         68   libspace.o
        24          4          0          0          0         84   noretval__2printf.o
         2          0          0          0          0          0   rtexit.o
        10          0          0          0          0          0   rtexit2.o
        74          0          0          0          0         80   sys_stackheap_outer.o
         2          0          0          0          0         68   use_no_semi.o
         2          0          0          0          0         68   use_no_semi_2.o
        98          4          0          0          0         92   d2f.o
       804         16          0          0          0        272   daddsub_clz.o
        24          0          0          0          0         68   dcmpi.o
       688        140          0          0          0        208   ddiv.o
        94          4          0          0          0         92   dfix.o
        90          4          0          0          0         92   dfixu.o
        38          0          0          0          0         68   dflt_clz.o
       120          4          0          0          0         92   dleqf.o
       340         12          0          0          0        104   dmul.o
       156          4          0          0          0         92   dnaninf.o
        12          0          0          0          0         68   dretinf.o
       108          0          0          0          0         80   drleqf.o
        86          4          0          0          0         84   f2d.o
       450          8          0          0          0        236   faddsub_clz.o
        24          0          0          0          0         68   fcmpi.o
       388         76          0          0          0         96   fdiv.o
        62          4          0          0          0         84   ffixu.o
        38          0          0          0          0         68   fflt_clz.o
       104          4          0          0          0         84   fleqf.o
       258          4          0          0          0         84   fmul.o
       140          4          0          0          0         84   fnaninf.o
        10          0          0          0          0         68   fretinf.o
        98          0          0          0          0         68   frleqf.o
         0          0          0          0          0          0   usenofp.o

    ----------------------------------------------------------------------
      5002        322         42          0         96       3516   Library Totals
        20          0          2          0          0          0   (incl. Padding)

    ----------------------------------------------------------------------

      Code (inc. data)   RO Data    RW Data    ZI Data      Debug   Library Name

       752         30         40          0         96       1164   c_w.l
      4230        292          0          0          0       2352   fz_ws.l

    ----------------------------------------------------------------------
      5002        322         42          0         96       3516   Library Totals

    ----------------------------------------------------------------------

==============================================================================


      Code (inc. data)   RO Data    RW Data    ZI Data      Debug   

     38970       1250       6458         80       1928     375601   Grand Totals
     38970       1250       6458         80       1928     375601   ELF Image Totals
     38970       1250       6458         80          0          0   ROM Totals

==============================================================================

    Total RO  Size (Code + RO Data)                45428 (  44.36kB)
    Total RW  Size (RW Data + ZI Data)              2008 (   1.96kB)
    Total ROM Size (Code + RO Data + RW Data)      45508 (  44.44kB)

==============================================================================

