<html>
<body>
<pre>
<h1>礦ision Build Log</h1>
<h2>Tool Versions:</h2>
IDE-Version: μVision V5.14.0.0
Copyright (C) 2015 ARM Ltd and ARM Germany GmbH. All rights reserved.
License Information: 123 123, 123, LIC=R4HY8-33ILV-UMJ9A-1XQA3-MC3L0-9ZJNL
 
Tool Versions:
Toolchain:       MDK-ARM Professional  Version: 5.14.0.0
Toolchain Path:  D:\Keil_v5\ARM\ARMCC\Bin
C Compiler:      Armcc.exe V5.05 update 1 (build 106)
Assembler:       Armasm.exe V5.05 update 1 (build 106)
Linker/Locator:  ArmLink.exe V5.05 update 1 (build 106)
Library Manager: ArmAr.exe V5.05 update 1 (build 106)
Hex Converter:   FromElf.exe V5.05 update 1 (build 106)
CPU DLL:         SARMCM3.DLL V5.14.0.0
Dialog DLL:      DCM.DLL V1.13.1.0
Target DLL:      Segger\JL2CM3.dll V2.99.13.0
Dialog DLL:      TCM.DLL V1.14.4.0
 
<h2>Project:</h2>
F:\电路板\STM32程序\STM32F407ZGT6\20190726DMA_双重ADC同步高速采样\20190729DMA_双重ADC同步高速采样 - 副本\USER\ADC.uvprojx
Project File Date:  07/28/2019

<h2>Output:</h2>
Build target 'ADC'
compiling main.c...
linking...
Program Size: Code=33478 RO-data=6574 RW-data=100 ZI-data=1852  
FromELF: creating hex file...
"..\OBJ\ADC.axf" - 0 Error(s), 0 Warning(s).

<h2>Collection of Component include folders:</h2>
  F:\电路板\STM32程序\STM32F407ZGT6\20190726DMA_双重ADC同步高速采样\20190729DMA_双重ADC同步高速采样 - 副本\USER\RTE
  D:\Keil_v5\ARM\PACK\Keil\STM32F4xx_DFP\1.0.8\Device\Include

<h2>Collection of Component Files used:</h2>
</pre>
</body>
</html>
